Archive member included to satisfy reference by file (symbol)

C:/ST/STM32CubeIDE_1.13.2/STM32CubeIDE/plugins/com.st.stm32cube.ide.mcu.externaltools.gnu-tools-for-stm32.11.3.rel1.win32_1.1.1.202309131626/tools/bin/../lib/gcc/arm-none-eabi/11.3.1/../../../../arm-none-eabi/lib/thumb/v7e-m+fp/hard\libc_nano.a(libc_a-exit.o)
                              C:/ST/STM32CubeIDE_1.13.2/STM32CubeIDE/plugins/com.st.stm32cube.ide.mcu.externaltools.gnu-tools-for-stm32.11.3.rel1.win32_1.1.1.202309131626/tools/bin/../lib/gcc/arm-none-eabi/11.3.1/../../../../arm-none-eabi/lib/thumb/v7e-m+fp/hard/crt0.o (exit)
C:/ST/STM32CubeIDE_1.13.2/STM32CubeIDE/plugins/com.st.stm32cube.ide.mcu.externaltools.gnu-tools-for-stm32.11.3.rel1.win32_1.1.1.202309131626/tools/bin/../lib/gcc/arm-none-eabi/11.3.1/../../../../arm-none-eabi/lib/thumb/v7e-m+fp/hard\libc_nano.a(libc_a-findfp.o)
                              C:/ST/STM32CubeIDE_1.13.2/STM32CubeIDE/plugins/com.st.stm32cube.ide.mcu.externaltools.gnu-tools-for-stm32.11.3.rel1.win32_1.1.1.202309131626/tools/bin/../lib/gcc/arm-none-eabi/11.3.1/../../../../arm-none-eabi/lib/thumb/v7e-m+fp/hard\libc_nano.a(libc_a-exit.o) (__stdio_exit_handler)
C:/ST/STM32CubeIDE_1.13.2/STM32CubeIDE/plugins/com.st.stm32cube.ide.mcu.externaltools.gnu-tools-for-stm32.11.3.rel1.win32_1.1.1.202309131626/tools/bin/../lib/gcc/arm-none-eabi/11.3.1/../../../../arm-none-eabi/lib/thumb/v7e-m+fp/hard\libc_nano.a(libc_a-fwalk.o)
                              C:/ST/STM32CubeIDE_1.13.2/STM32CubeIDE/plugins/com.st.stm32cube.ide.mcu.externaltools.gnu-tools-for-stm32.11.3.rel1.win32_1.1.1.202309131626/tools/bin/../lib/gcc/arm-none-eabi/11.3.1/../../../../arm-none-eabi/lib/thumb/v7e-m+fp/hard\libc_nano.a(libc_a-findfp.o) (_fwalk_sglue)
C:/ST/STM32CubeIDE_1.13.2/STM32CubeIDE/plugins/com.st.stm32cube.ide.mcu.externaltools.gnu-tools-for-stm32.11.3.rel1.win32_1.1.1.202309131626/tools/bin/../lib/gcc/arm-none-eabi/11.3.1/../../../../arm-none-eabi/lib/thumb/v7e-m+fp/hard\libc_nano.a(libc_a-sprintf.o)
                              ./Src/bootloader.o (sprintf)
C:/ST/STM32CubeIDE_1.13.2/STM32CubeIDE/plugins/com.st.stm32cube.ide.mcu.externaltools.gnu-tools-for-stm32.11.3.rel1.win32_1.1.1.202309131626/tools/bin/../lib/gcc/arm-none-eabi/11.3.1/../../../../arm-none-eabi/lib/thumb/v7e-m+fp/hard\libc_nano.a(libc_a-stdio.o)
                              C:/ST/STM32CubeIDE_1.13.2/STM32CubeIDE/plugins/com.st.stm32cube.ide.mcu.externaltools.gnu-tools-for-stm32.11.3.rel1.win32_1.1.1.202309131626/tools/bin/../lib/gcc/arm-none-eabi/11.3.1/../../../../arm-none-eabi/lib/thumb/v7e-m+fp/hard\libc_nano.a(libc_a-findfp.o) (__sread)
C:/ST/STM32CubeIDE_1.13.2/STM32CubeIDE/plugins/com.st.stm32cube.ide.mcu.externaltools.gnu-tools-for-stm32.11.3.rel1.win32_1.1.1.202309131626/tools/bin/../lib/gcc/arm-none-eabi/11.3.1/../../../../arm-none-eabi/lib/thumb/v7e-m+fp/hard\libc_nano.a(libc_a-memset.o)
                              C:/ST/STM32CubeIDE_1.13.2/STM32CubeIDE/plugins/com.st.stm32cube.ide.mcu.externaltools.gnu-tools-for-stm32.11.3.rel1.win32_1.1.1.202309131626/tools/bin/../lib/gcc/arm-none-eabi/11.3.1/../../../../arm-none-eabi/lib/thumb/v7e-m+fp/hard/crt0.o (memset)
C:/ST/STM32CubeIDE_1.13.2/STM32CubeIDE/plugins/com.st.stm32cube.ide.mcu.externaltools.gnu-tools-for-stm32.11.3.rel1.win32_1.1.1.202309131626/tools/bin/../lib/gcc/arm-none-eabi/11.3.1/../../../../arm-none-eabi/lib/thumb/v7e-m+fp/hard\libc_nano.a(libc_a-closer.o)
                              C:/ST/STM32CubeIDE_1.13.2/STM32CubeIDE/plugins/com.st.stm32cube.ide.mcu.externaltools.gnu-tools-for-stm32.11.3.rel1.win32_1.1.1.202309131626/tools/bin/../lib/gcc/arm-none-eabi/11.3.1/../../../../arm-none-eabi/lib/thumb/v7e-m+fp/hard\libc_nano.a(libc_a-stdio.o) (_close_r)
C:/ST/STM32CubeIDE_1.13.2/STM32CubeIDE/plugins/com.st.stm32cube.ide.mcu.externaltools.gnu-tools-for-stm32.11.3.rel1.win32_1.1.1.202309131626/tools/bin/../lib/gcc/arm-none-eabi/11.3.1/../../../../arm-none-eabi/lib/thumb/v7e-m+fp/hard\libc_nano.a(libc_a-reent.o)
                              C:/ST/STM32CubeIDE_1.13.2/STM32CubeIDE/plugins/com.st.stm32cube.ide.mcu.externaltools.gnu-tools-for-stm32.11.3.rel1.win32_1.1.1.202309131626/tools/bin/../lib/gcc/arm-none-eabi/11.3.1/../../../../arm-none-eabi/lib/thumb/v7e-m+fp/hard\libc_nano.a(libc_a-closer.o) (errno)
C:/ST/STM32CubeIDE_1.13.2/STM32CubeIDE/plugins/com.st.stm32cube.ide.mcu.externaltools.gnu-tools-for-stm32.11.3.rel1.win32_1.1.1.202309131626/tools/bin/../lib/gcc/arm-none-eabi/11.3.1/../../../../arm-none-eabi/lib/thumb/v7e-m+fp/hard\libc_nano.a(libc_a-impure.o)
                              C:/ST/STM32CubeIDE_1.13.2/STM32CubeIDE/plugins/com.st.stm32cube.ide.mcu.externaltools.gnu-tools-for-stm32.11.3.rel1.win32_1.1.1.202309131626/tools/bin/../lib/gcc/arm-none-eabi/11.3.1/../../../../arm-none-eabi/lib/thumb/v7e-m+fp/hard\libc_nano.a(libc_a-sprintf.o) (_impure_ptr)
[...]
Memory Configuration

Name             Origin             Length             Attributes
RAM              0x0000000020000000 0x0000000000020000 xrw
FLASH            0x0000000008000000 0x0000000000080000 xr
*default*        0x0000000000000000 0xffffffffffffffff

Linker script and memory map

LOAD C:/ST/STM32CubeIDE_1.13.2/STM32CubeIDE/plugins/com.st.stm32cube.ide.mcu.externaltools.gnu-tools-for-stm32.11.3.rel1.win32_1.1.1.202309131626/tools/bin/../lib/gcc/arm-none-eabi/11.3.1/thumb/v7e-m+fp/hard/crti.o
LOAD C:/ST/STM32CubeIDE_1.13.2/STM32CubeIDE/plugins/com.st.stm32cube.ide.mcu.externaltools.gnu-tools-for-stm32.11.3.rel1.win32_1.1.1.202309131626/tools/bin/../lib/gcc/arm-none-eabi/11.3.1/thumb/v7e-m+fp/hard/crtbegin.o
LOAD C:/ST/STM32CubeIDE_1.13.2/STM32CubeIDE/plugins/com.st.stm32cube.ide.mcu.externaltools.gnu-tools-for-stm32.11.3.rel1.win32_1.1.1.202309131626/tools/bin/../lib/gcc/arm-none-eabi/11.3.1/../../../../arm-none-eabi/lib/thumb/v7e-m+fp/hard/crt0.o
LOAD ./Src/CRC.o
LOAD ./Src/FIFO.o
LOAD ./Src/PriorityScheduler.o
LOAD ./Src/SporadicScheduler.o
LOAD ./Src/bootloader.o
LOAD ./Src/gpio.o
LOAD ./Src/led.o
LOAD ./Src/mailBox.o
LOAD ./Src/main.o
LOAD ./Src/osKernel.o
LOAD ./Src/syscalls.o
LOAD ./Src/sysmem.o
LOAD ./Src/timebase.o
LOAD ./Src/timer.o
LOAD ./Src/usart.o
LOAD ./Startup/startup_stm32f411retx.o
START GROUP
LOAD C:/ST/STM32CubeIDE_1.13.2/STM32CubeIDE/plugins/com.st.stm32cube.ide.mcu.externaltools.gnu-tools-for-stm32.11.3.rel1.win32_1.1.1.202309131626/tools/bin/../lib/gcc/arm-none-eabi/11.3.1/../../../../arm-none-eabi/lib/thumb/v7e-m+fp/hard\libc_nano.a
LOAD C:/ST/STM32CubeIDE_1.13.2/STM32CubeIDE/plugins/com.st.stm32cube.ide.mcu.externaltools.gnu-tools-for-stm32.11.3.rel1.win32_1.1.1.202309131626/tools/bin/../lib/gcc/arm-none-eabi/11.3.1/../../../../arm-none-eabi/lib/thumb/v7e-m+fp/hard\libm.a
END GROUP
START GROUP
LOAD C:/ST/STM32CubeIDE_1.13.2/STM32CubeIDE/plugins/com.st.stm32cube.ide.mcu.externaltools.gnu-tools-for-stm32.11.3.rel1.win32_1.1.1.202309131626/tools/bin/../lib/gcc/arm-none-eabi/11.3.1/thumb/v7e-m+fp/hard\libgcc.a
LOAD C:/ST/STM32CubeIDE_1.13.2/STM32CubeIDE/plugins/com.st.stm32cube.ide.mcu.externaltools.gnu-tools-for-stm32.11.3.rel1.win32_1.1.1.202309131626/tools/bin/../lib/gcc/arm-none-eabi/11.3.1/../../../../arm-none-eabi/lib/thumb/v7e-m+fp/hard\libc_nano.a
END GROUP
START GROUP
LOAD C:/ST/STM32CubeIDE_1.13.2/STM32CubeIDE/plugins/com.st.stm32cube.ide.mcu.externaltools.gnu-tools-for-stm32.11.3.rel1.win32_1.1.1.202309131626/tools/bin/../lib/gcc/arm-none-eabi/11.3.1/thumb/v7e-m+fp/hard\libgcc.a
LOAD C:/ST/STM32CubeIDE_1.13.2/STM32CubeIDE/plugins/com.st.stm32cube.ide.mcu.externaltools.gnu-tools-for-stm32.11.3.rel1.win32_1.1.1.202309131626/tools/bin/../lib/gcc/arm-none-eabi/11.3.1/../../../../arm-none-eabi/lib/thumb/v7e-m+fp/hard\libc_nano.a
LOAD C:/ST/STM32CubeIDE_1.13.2/STM32CubeIDE/plugins/com.st.stm32cube.ide.mcu.externaltools.gnu-tools-for-stm32.11.3.rel1.win32_1.1.1.202309131626/tools/bin/../lib/gcc/arm-none-eabi/11.3.1/../../../../arm-none-eabi/lib/thumb/v7e-m+fp/hard\libnosys.a
END GROUP
START GROUP
LOAD C:/ST/STM32CubeIDE_1.13.2/STM32CubeIDE/plugins/com.st.stm32cube.ide.mcu.externaltools.gnu-tools-for-stm32.11.3.rel1.win32_1.1.1.202309131626/tools/bin/../lib/gcc/arm-none-eabi/11.3.1/thumb/v7e-m+fp/hard\libgcc.a
LOAD C:/ST/STM32CubeIDE_1.13.2/STM32CubeIDE/plugins/com.st.stm32cube.ide.mcu.externaltools.gnu-tools-for-stm32.11.3.rel1.win32_1.1.1.202309131626/tools/bin/../lib/gcc/arm-none-eabi/11.3.1/../../../../arm-none-eabi/lib/thumb/v7e-m+fp/hard\libc_nano.a
LOAD C:/ST/STM32CubeIDE_1.13.2/STM32CubeIDE/plugins/com.st.stm32cube.ide.mcu.externaltools.gnu-tools-for-stm32.11.3.rel1.win32_1.1.1.202309131626/tools/bin/../lib/gcc/arm-none-eabi/11.3.1/../../../../arm-none-eabi/lib/thumb/v7e-m+fp/hard\libnosys.a
END GROUP
LOAD C:/ST/STM32CubeIDE_1.13.2/STM32CubeIDE/plugins/com.st.stm32cube.ide.mcu.externaltools.gnu-tools-for-stm32.11.3.rel1.win32_1.1.1.202309131626/tools/bin/../lib/gcc/arm-none-eabi/11.3.1/thumb/v7e-m+fp/hard/crtend.o
LOAD C:/ST/STM32CubeIDE_1.13.2/STM32CubeIDE/plugins/com.st.stm32cube.ide.mcu.externaltools.gnu-tools-for-stm32.11.3.rel1.win32_1.1.1.202309131626/tools/bin/../lib/gcc/arm-none-eabi/11.3.1/thumb/v7e-m+fp/hard/crtn.o
                0x0000000020020000                _estack = (ORIGIN (RAM) + LENGTH (RAM))
                0x0000000000000200                _Min_Heap_Size = 0x200
                0x0000000000000400                _Min_Stack_Size = 0x400

.isr_vector     0x0000000008000000      0x198
                0x0000000008000000                . = ALIGN (0x4)
 *(.isr_vector)
 .isr_vector    0x0000000008000000      0x198 ./Startup/startup_stm32f411retx.o
                0x0000000008000000                g_pfnVectors
                0x0000000008000198                . = ALIGN (0x4)

.text           0x0000000008000198      0x5d0
                0x0000000008000198                . = ALIGN (0x4)
 *(.text)
 .text          0x0000000008000198       0x40 C:/ST/STM32CubeIDE_1.13.2/STM32CubeIDE/plugins/com.st.stm32cube.ide.mcu.externaltools.gnu-tools-for-stm32.11.3.rel1.win32_1.1.1.202309131626/tools/bin/../lib/gcc/arm-none-eabi/11.3.1/thumb/v7e-m+fp/hard/crtbegin.o
 *(.text*)
 .text.task0    0x00000000080001d8       0x14 ./Src/main.o
                0x00000000080001d8                task0
 .text.task1    0x00000000080001ec       0x14 ./Src/main.o
                0x00000000080001ec                task1
 .text.task2    0x0000000008000200       0x14 ./Src/main.o
                0x0000000008000200                task2
 .text.main     0x0000000008000214       0x48 ./Src/main.o
                0x0000000008000214                main
 .text.__NVIC_SetPriority
                0x000000000800025c       0x54 ./Src/osKernel.o
 .text.osKernelStackInit
                0x00000000080002b0      0x1a0 ./Src/osKernel.o
                0x00000000080002b0                osKernelStackInit
 .text.osKernelAddThreads
                0x0000000008000450       0x74 ./Src/osKernel.o
                0x0000000008000450                osKernelAddThreads
 .text.osKernelInit
                0x00000000080004c4       0x1c ./Src/osKernel.o
                0x00000000080004c4                osKernelInit
 .text.osKernelLaunch
                0x00000000080004e0       0x54 ./Src/osKernel.o
                0x00000000080004e0                osKernelLaunch
 .text.SysTick_Handler
                0x0000000008000534       0x24 ./Src/osKernel.o
                0x0000000008000534                SysTick_Handler
 .text.osSchedulerLaunch
                0x0000000008000558       0x30 ./Src/osKernel.o
                0x0000000008000558                osSchedulerLaunch
 .text.osSemaphoreInit
                0x0000000008000588       0x1c ./Src/osKernel.o
                0x0000000008000588                osSemaphoreInit
 .text.usart_init
                0x00000000080005a4      0x110 ./Src/usart.o
                0x00000000080005a4                usart_init
 .text.Reset_Handler
                0x00000000080006b4       0x50 ./Startup/startup_stm32f411retx.o
                0x00000000080006b4                Reset_Handler
 .text.Default_Handler
                0x0000000008000704        0x2 ./Startup/startup_stm32f411retx.o
                0x0000000008000704                RTC_Alarm_IRQHandler
                0x0000000008000704                EXTI2_IRQHandler
                0x0000000008000704                DebugMon_Handler
                0x0000000008000704                SPI4_IRQHandler
                0x0000000008000704                TIM1_CC_IRQHandler
                0x0000000008000704                DMA2_Stream5_IRQHandler
                0x0000000008000704                HardFault_Handler
                0x0000000008000704                DMA1_Stream5_IRQHandler
                0x0000000008000704                PVD_IRQHandler
                0x0000000008000704                SDIO_IRQHandler
                0x0000000008000704                TAMP_STAMP_IRQHandler
                0x0000000008000704                PendSV_Handler
                0x0000000008000704                NMI_Handler
                0x0000000008000704                EXTI3_IRQHandler
                0x0000000008000704                TIM1_UP_TIM10_IRQHandler
                0x0000000008000704                I2C3_ER_IRQHandler
                0x0000000008000704                EXTI0_IRQHandler
                0x0000000008000704                I2C2_EV_IRQHandler
                0x0000000008000704                DMA1_Stream2_IRQHandler
                0x0000000008000704                UsageFault_Handler
                0x0000000008000704                DMA2_Stream2_IRQHandler
                0x0000000008000704                SPI1_IRQHandler
                0x0000000008000704                TIM1_BRK_TIM9_IRQHandler
                0x0000000008000704                DMA2_Stream3_IRQHandler
                0x0000000008000704                USART6_IRQHandler
                0x0000000008000704                DMA2_Stream0_IRQHandler
                0x0000000008000704                TIM4_IRQHandler
                0x0000000008000704                I2C1_EV_IRQHandler
                0x0000000008000704                DMA1_Stream6_IRQHandler
                0x0000000008000704                DMA1_Stream1_IRQHandler
                0x0000000008000704                TIM3_IRQHandler
                0x0000000008000704                RCC_IRQHandler
                0x0000000008000704                Default_Handler
                0x0000000008000704                EXTI15_10_IRQHandler
                0x0000000008000704                ADC_IRQHandler
                0x0000000008000704                DMA1_Stream7_IRQHandler
                0x0000000008000704                SPI5_IRQHandler
                0x0000000008000704                TIM5_IRQHandler
                0x0000000008000704                DMA2_Stream7_IRQHandler
                0x0000000008000704                I2C3_EV_IRQHandler
                0x0000000008000704                EXTI9_5_IRQHandler
                0x0000000008000704                RTC_WKUP_IRQHandler
                0x0000000008000704                SPI2_IRQHandler
                0x0000000008000704                MemManage_Handler
                0x0000000008000704                DMA1_Stream0_IRQHandler
                0x0000000008000704                SVC_Handler
                0x0000000008000704                EXTI4_IRQHandler
                0x0000000008000704                WWDG_IRQHandler
                0x0000000008000704                TIM2_IRQHandler
                0x0000000008000704                OTG_FS_WKUP_IRQHandler
                0x0000000008000704                TIM1_TRG_COM_TIM11_IRQHandler
                0x0000000008000704                EXTI1_IRQHandler
                0x0000000008000704                USART2_IRQHandler
                0x0000000008000704                I2C2_ER_IRQHandler
                0x0000000008000704                DMA2_Stream1_IRQHandler
                0x0000000008000704                FLASH_IRQHandler
                0x0000000008000704                DMA2_Stream4_IRQHandler
                0x0000000008000704                BusFault_Handler
                0x0000000008000704                USART1_IRQHandler
                0x0000000008000704                OTG_FS_IRQHandler
                0x0000000008000704                SPI3_IRQHandler
                0x0000000008000704                DMA1_Stream4_IRQHandler
                0x0000000008000704                I2C1_ER_IRQHandler
                0x0000000008000704                DMA2_Stream6_IRQHandler
                0x0000000008000704                DMA1_Stream3_IRQHandler
 *fill*         0x0000000008000706        0x2 
 .text.__libc_init_array
                0x0000000008000708       0x48 C:/ST/STM32CubeIDE_1.13.2/STM32CubeIDE/plugins/com.st.stm32cube.ide.mcu.externaltools.gnu-tools-for-stm32.11.3.rel1.win32_1.1.1.202309131626/tools/bin/../lib/gcc/arm-none-eabi/11.3.1/../../../../arm-none-eabi/lib/thumb/v7e-m+fp/hard\libc_nano.a(libc_a-init.o)
                0x0000000008000708                __libc_init_array
 *(.glue_7)
 .glue_7        0x0000000008000750        0x0 linker stubs
 *(.glue_7t)
 .glue_7t       0x0000000008000750        0x0 linker stubs
 *(.eh_frame)
 .eh_frame      0x0000000008000750        0x0 C:/ST/STM32CubeIDE_1.13.2/STM32CubeIDE/plugins/com.st.stm32cube.ide.mcu.externaltools.gnu-tools-for-stm32.11.3.rel1.win32_1.1.1.202309131626/tools/bin/../lib/gcc/arm-none-eabi/11.3.1/thumb/v7e-m+fp/hard/crtbegin.o
 *(.init)
 .init          0x0000000008000750        0x4 C:/ST/STM32CubeIDE_1.13.2/STM32CubeIDE/plugins/com.st.stm32cube.ide.mcu.externaltools.gnu-tools-for-stm32.11.3.rel1.win32_1.1.1.202309131626/tools/bin/../lib/gcc/arm-none-eabi/11.3.1/thumb/v7e-m+fp/hard/crti.o
                0x0000000008000750                _init
 .init          0x0000000008000754        0x8 C:/ST/STM32CubeIDE_1.13.2/STM32CubeIDE/plugins/com.st.stm32cube.ide.mcu.externaltools.gnu-tools-for-stm32.11.3.rel1.win32_1.1.1.202309131626/tools/bin/../lib/gcc/arm-none-eabi/11.3.1/thumb/v7e-m+fp/hard/crtn.o
 *(.fini)
 .fini          0x000000000800075c        0x4 C:/ST/STM32CubeIDE_1.13.2/STM32CubeIDE/plugins/com.st.stm32cube.ide.mcu.externaltools.gnu-tools-for-stm32.11.3.rel1.win32_1.1.1.202309131626/tools/bin/../lib/gcc/arm-none-eabi/11.3.1/thumb/v7e-m+fp/hard/crti.o
                0x000000000800075c                _fini
 .fini          0x0000000008000760        0x8 C:/ST/STM32CubeIDE_1.13.2/STM32CubeIDE/plugins/com.st.stm32cube.ide.mcu.externaltools.gnu-tools-for-stm32.11.3.rel1.win32_1.1.1.202309131626/tools/bin/../lib/gcc/arm-none-eabi/11.3.1/thumb/v7e-m+fp/hard/crtn.o
                0x0000000008000768                . = ALIGN (0x4)
                0x0000000008000768                _etext = .

.vfp11_veneer   0x0000000008000768        0x0
 .vfp11_veneer  0x0000000008000768        0x0 linker stubs

.v4_bx          0x0000000008000768        0x0
 .v4_bx         0x0000000008000768        0x0 linker stubs

.iplt           0x0000000008000768        0x0
 .iplt          0x0000000008000768        0x0 C:/ST/STM32CubeIDE_1.13.2/STM32CubeIDE/plugins/com.st.stm32cube.ide.mcu.externaltools.gnu-tools-for-stm32.11.3.rel1.win32_1.1.1.202309131626/tools/bin/../lib/gcc/arm-none-eabi/11.3.1/thumb/v7e-m+fp/hard/crtbegin.o

.rel.dyn        0x0000000008000768        0x0
 .rel.iplt      0x0000000008000768        0x0 C:/ST/STM32CubeIDE_1.13.2/STM32CubeIDE/plugins/com.st.stm32cube.ide.mcu.externaltools.gnu-tools-for-stm32.11.3.rel1.win32_1.1.1.202309131626/tools/bin/../lib/gcc/arm-none-eabi/11.3.1/thumb/v7e-m+fp/hard/crtbegin.o

.rodata         0x0000000008000768        0x0
                0x0000000008000768                . = ALIGN (0x4)
 *(.rodata)
 *(.rodata*)
                0x0000000008000768                . = ALIGN (0x4)

.ARM.extab      0x0000000008000768        0x0
                0x0000000008000768                . = ALIGN (0x4)
 *(.ARM.extab* .gnu.linkonce.armextab.*)
                0x0000000008000768                . = ALIGN (0x4)

.ARM            0x0000000008000768        0x0
                0x0000000008000768                . = ALIGN (0x4)
                0x0000000008000768                __exidx_start = .
 *(.ARM.exidx*)
                0x0000000008000768                __exidx_end = .
                0x0000000008000768                . = ALIGN (0x4)

.preinit_array  0x0000000008000768        0x0
                0x0000000008000768                . = ALIGN (0x4)
                0x0000000008000768                PROVIDE (__preinit_array_start = .)
 *(.preinit_array*)
                0x0000000008000768                PROVIDE (__preinit_array_end = .)
                0x0000000008000768                . = ALIGN (0x4)

.init_array     0x0000000008000768        0x4
                0x0000000008000768                . = ALIGN (0x4)
                0x0000000008000768                PROVIDE (__init_array_start = .)
 *(SORT_BY_NAME(.init_array.*))
 *(.init_array*)
 .init_array    0x0000000008000768        0x4 C:/ST/STM32CubeIDE_1.13.2/STM32CubeIDE/plugins/com.st.stm32cube.ide.mcu.externaltools.gnu-tools-for-stm32.11.3.rel1.win32_1.1.1.202309131626/tools/bin/../lib/gcc/arm-none-eabi/11.3.1/thumb/v7e-m+fp/hard/crtbegin.o
                0x000000000800076c                PROVIDE (__init_array_end = .)
                0x000000000800076c                . = ALIGN (0x4)

.fini_array     0x000000000800076c        0x4
                0x000000000800076c                . = ALIGN (0x4)
                [!provide]                        PROVIDE (__fini_array_start = .)
 *(SORT_BY_NAME(.fini_array.*))
 *(.fini_array*)
 .fini_array    0x000000000800076c        0x4 C:/ST/STM32CubeIDE_1.13.2/STM32CubeIDE/plugins/com.st.stm32cube.ide.mcu.externaltools.gnu-tools-for-stm32.11.3.rel1.win32_1.1.1.202309131626/tools/bin/../lib/gcc/arm-none-eabi/11.3.1/thumb/v7e-m+fp/hard/crtbegin.o
                [!provide]                        PROVIDE (__fini_array_end = .)
                0x0000000008000770                . = ALIGN (0x4)
                0x0000000008000770                _sidata = LOADADDR (.data)

.data           0x0000000020000000        0x0 load address 0x0000000008000770
                0x0000000020000000                . = ALIGN (0x4)
                0x0000000020000000                _sdata = .
 *(.data)
 *(.data*)
 *(.RamFunc)
 *(.RamFunc*)
                0x0000000020000000                . = ALIGN (0x4)
                0x0000000020000000                _edata = .

.igot.plt       0x0000000020000000        0x0 load address 0x0000000008000770
 .igot.plt      0x0000000020000000        0x0 C:/ST/STM32CubeIDE_1.13.2/STM32CubeIDE/plugins/com.st.stm32cube.ide.mcu.externaltools.gnu-tools-for-stm32.11.3.rel1.win32_1.1.1.202309131626/tools/bin/../lib/gcc/arm-none-eabi/11.3.1/thumb/v7e-m+fp/hard/crtbegin.o
                0x0000000020000000                . = ALIGN (0x4)

.bss            0x0000000020000000      0x500 load address 0x0000000008000770
                0x0000000020000000                _sbss = .
                0x0000000020000000                __bss_start__ = _sbss
 *(.bss)
 .bss           0x0000000020000000       0x1c C:/ST/STM32CubeIDE_1.13.2/STM32CubeIDE/plugins/com.st.stm32cube.ide.mcu.externaltools.gnu-tools-for-stm32.11.3.rel1.win32_1.1.1.202309131626/tools/bin/../lib/gcc/arm-none-eabi/11.3.1/thumb/v7e-m+fp/hard/crtbegin.o
 *(.bss*)
 .bss.Task0_Profiler
                0x000000002000001c        0x4 ./Src/main.o
                0x000000002000001c                Task0_Profiler
 .bss.Task1_Profiler
                0x0000000020000020        0x4 ./Src/main.o
                0x0000000020000020                Task1_Profiler
 .bss.Task2_Profiler
                0x0000000020000024        0x4 ./Src/main.o
                0x0000000020000024                Task2_Profiler
 .bss.semaphore1
                0x0000000020000028        0x4 ./Src/main.o
                0x0000000020000028                semaphore1
 .bss.semaphore2
                0x000000002000002c        0x4 ./Src/main.o
                0x000000002000002c                semaphore2
 .bss.currentPt
                0x0000000020000030        0x4 ./Src/osKernel.o
                0x0000000020000030                currentPt
 .bss.tcbs      0x0000000020000034       0x18 ./Src/osKernel.o
                0x0000000020000034                tcbs
 .bss.TCB_Stacks
                0x000000002000004c      0x4b0 ./Src/osKernel.o
                0x000000002000004c                TCB_Stacks
 .bss.MILLIS_PRESCALER
                0x00000000200004fc        0x4 ./Src/osKernel.o
                0x00000000200004fc                MILLIS_PRESCALER
 *(COMMON)
                0x0000000020000500                . = ALIGN (0x4)
                0x0000000020000500                _ebss = .
                0x0000000020000500                __bss_end__ = _ebss

._user_heap_stack
                0x0000000020000500      0x600 load address 0x0000000008000770
                0x0000000020000500                . = ALIGN (0x8)
                [!provide]                        PROVIDE (end = .)
                0x0000000020000500                PROVIDE (_end = .)
                0x0000000020000700                . = (. + _Min_Heap_Size)
 *fill*         0x0000000020000500      0x200 
                0x0000000020000b00                . = (. + _Min_Stack_Size)
 *fill*         0x0000000020000700      0x400 
                0x0000000020000b00                . = ALIGN (0x8)

/DISCARD/
 libc.a(*)
 libm.a(*)
 libgcc.a(*)

.ARM.attributes
                0x0000000000000000       0x30
 *(.ARM.attributes)
 .ARM.attributes
                0x0000000000000000       0x1e C:/ST/STM32CubeIDE_1.13.2/STM32CubeIDE/plugins/com.st.stm32cube.ide.mcu.externaltools.gnu-tools-for-stm32.11.3.rel1.win32_1.1.1.202309131626/tools/bin/../lib/gcc/arm-none-eabi/11.3.1/thumb/v7e-m+fp/hard/crti.o
 .ARM.attributes
                0x000000000000001e       0x34 C:/ST/STM32CubeIDE_1.13.2/STM32CubeIDE/plugins/com.st.stm32cube.ide.mcu.externaltools.gnu-tools-for-stm32.11.3.rel1.win32_1.1.1.202309131626/tools/bin/../lib/gcc/arm-none-eabi/11.3.1/thumb/v7e-m+fp/hard/crtbegin.o
 .ARM.attributes
                0x0000000000000052       0x34 ./Src/main.o
 .ARM.attributes
                0x0000000000000086       0x34 ./Src/osKernel.o
 .ARM.attributes
                0x00000000000000ba       0x34 ./Src/usart.o
 .ARM.attributes
                0x00000000000000ee       0x21 ./Startup/startup_stm32f411retx.o
 .ARM.attributes
                0x000000000000010f       0x34 C:/ST/STM32CubeIDE_1.13.2/STM32CubeIDE/plugins/com.st.stm32cube.ide.mcu.externaltools.gnu-tools-for-stm32.11.3.rel1.win32_1.1.1.202309131626/tools/bin/../lib/gcc/arm-none-eabi/11.3.1/../../../../arm-none-eabi/lib/thumb/v7e-m+fp/hard\libc_nano.a(libc_a-init.o)
 .ARM.attributes
                0x0000000000000143       0x1e C:/ST/STM32CubeIDE_1.13.2/STM32CubeIDE/plugins/com.st.stm32cube.ide.mcu.externaltools.gnu-tools-for-stm32.11.3.rel1.win32_1.1.1.202309131626/tools/bin/../lib/gcc/arm-none-eabi/11.3.1/thumb/v7e-m+fp/hard/crtn.o
OUTPUT(MyRTOS.elf elf32-littlearm)
LOAD linker stubs
LOAD C:/ST/STM32CubeIDE_1.13.2/STM32CubeIDE/plugins/com.st.stm32cube.ide.mcu.externaltools.gnu-tools-for-stm32.11.3.rel1.win32_1.1.1.202309131626/tools/bin/../lib/gcc/arm-none-eabi/11.3.1/../../../../arm-none-eabi/lib/thumb/v7e-m+fp/hard\libc.a
LOAD C:/ST/STM32CubeIDE_1.13.2/STM32CubeIDE/plugins/com.st.stm32cube.ide.mcu.externaltools.gnu-tools-for-stm32.11.3.rel1.win32_1.1.1.202309131626/tools/bin/../lib/gcc/arm-none-eabi/11.3.1/../../../../arm-none-eabi/lib/thumb/v7e-m+fp/hard\libm.a
LOAD C:/ST/STM32CubeIDE_1.13.2/STM32CubeIDE/plugins/com.st.stm32cube.ide.mcu.externaltools.gnu-tools-for-stm32.11.3.rel1.win32_1.1.1.202309131626/tools/bin/../lib/gcc/arm-none-eabi/11.3.1/thumb/v7e-m+fp/hard\libgcc.a

.comment        0x0000000000000000       0x43
 .comment       0x0000000000000000       0x43 C:/ST/STM32CubeIDE_1.13.2/STM32CubeIDE/plugins/com.st.stm32cube.ide.mcu.externaltools.gnu-tools-for-stm32.11.3.rel1.win32_1.1.1.202309131626/tools/bin/../lib/gcc/arm-none-eabi/11.3.1/thumb/v7e-m+fp/hard/crtbegin.o
                                         0x44 (size before relaxing)
 .comment       0x0000000000000043       0x44 ./Src/main.o
 .comment       0x0000000000000043       0x44 ./Src/osKernel.o
 .comment       0x0000000000000043       0x44 ./Src/usart.o

.debug_info     0x0000000000000000      0xf1e
 .debug_info    0x0000000000000000      0x230 ./Src/main.o
 .debug_info    0x0000000000000230      0x7fc ./Src/osKernel.o
 .debug_info    0x0000000000000a2c      0x4cf ./Src/usart.o
 .debug_info    0x0000000000000efb       0x23 ./Startup/startup_stm32f411retx.o

.debug_abbrev   0x0000000000000000      0x4ca
 .debug_abbrev  0x0000000000000000       0xf8 ./Src/main.o
 .debug_abbrev  0x00000000000000f8      0x248 ./Src/osKernel.o
 .debug_abbrev  0x0000000000000340      0x178 ./Src/usart.o
 .debug_abbrev  0x00000000000004b8       0x12 ./Startup/startup_stm32f411retx.o

.debug_aranges  0x0000000000000000      0x138
 .debug_aranges
                0x0000000000000000       0x58 ./Src/main.o
 .debug_aranges
                0x0000000000000058       0x70 ./Src/osKernel.o
 .debug_aranges
                0x00000000000000c8       0x48 ./Src/usart.o
 .debug_aranges
                0x0000000000000110       0x28 ./Startup/startup_stm32f411retx.o

.debug_rnglists
                0x0000000000000000       0xd8
 .debug_rnglists
                0x0000000000000000       0x3d ./Src/main.o
 .debug_rnglists
                0x000000000000003d       0x50 ./Src/osKernel.o
 .debug_rnglists
                0x000000000000008d       0x32 ./Src/usart.o
 .debug_rnglists
                0x00000000000000bf       0x19 ./Startup/startup_stm32f411retx.o

.debug_macro    0x0000000000000000      0xf46
 .debug_macro   0x0000000000000000      0x24d ./Src/main.o
 .debug_macro   0x000000000000024d       0x61 ./Src/main.o
 .debug_macro   0x00000000000002ae       0x2a ./Src/main.o
 .debug_macro   0x00000000000002d8       0x43 ./Src/main.o
 .debug_macro   0x000000000000031b       0x34 ./Src/main.o
 .debug_macro   0x000000000000034f       0x16 ./Src/main.o
 .debug_macro   0x0000000000000365       0x97 ./Src/main.o
 .debug_macro   0x00000000000003fc      0x369 ./Src/main.o
 .debug_macro   0x0000000000000765       0xfd ./Src/main.o
 .debug_macro   0x0000000000000862       0x10 ./Src/main.o
 .debug_macro   0x0000000000000872       0x16 ./Src/main.o
 .debug_macro   0x0000000000000888       0x43 ./Src/main.o
 .debug_macro   0x00000000000008cb       0x34 ./Src/main.o
 .debug_macro   0x00000000000008ff       0x10 ./Src/main.o
 .debug_macro   0x000000000000090f       0x58 ./Src/main.o
 .debug_macro   0x0000000000000967       0x8e ./Src/main.o
 .debug_macro   0x00000000000009f5       0x1c ./Src/main.o
 .debug_macro   0x0000000000000a11      0x177 ./Src/main.o
 .debug_macro   0x0000000000000b88       0x16 ./Src/main.o
 .debug_macro   0x0000000000000b9e       0x16 ./Src/main.o
 .debug_macro   0x0000000000000bb4      0x147 ./Src/main.o
 .debug_macro   0x0000000000000cfb       0x16 ./Src/main.o
 .debug_macro   0x0000000000000d11       0x35 ./Src/main.o
 .debug_macro   0x0000000000000d46       0x20 ./Src/main.o
 .debug_macro   0x0000000000000d66       0x22 ./Src/main.o
 .debug_macro   0x0000000000000d88       0xe6 ./Src/osKernel.o
 .debug_macro   0x0000000000000e6e       0xd8 ./Src/usart.o

.debug_line     0x0000000000000000     0x1565
 .debug_line    0x0000000000000000      0x7b0 ./Src/main.o
 .debug_line    0x00000000000007b0      0x718 ./Src/osKernel.o
 .debug_line    0x0000000000000ec8      0x622 ./Src/usart.o
 .debug_line    0x00000000000014ea       0x7b ./Startup/startup_stm32f411retx.o

.debug_str      0x0000000000000000    0x53e32
 .debug_str     0x0000000000000000    0x536fd ./Src/main.o
                                      0x538f8 (size before relaxing)
 .debug_str     0x00000000000536fd      0x565 ./Src/osKernel.o
                                      0x50221 (size before relaxing)
 .debug_str     0x0000000000053c62      0x1a1 ./Src/usart.o
                                      0x4fc90 (size before relaxing)
 .debug_str     0x0000000000053e03       0x2f ./Startup/startup_stm32f411retx.o
                                         0x52 (size before relaxing)

.debug_frame    0x0000000000000000      0x38c
 .debug_frame   0x0000000000000000       0xe4 ./Src/main.o
 .debug_frame   0x00000000000000e4      0x190 ./Src/osKernel.o
 .debug_frame   0x0000000000000274       0xec ./Src/usart.o
 .debug_frame   0x0000000000000360       0x2c C:/ST/STM32CubeIDE_1.13.2/STM32CubeIDE/plugins/com.st.stm32cube.ide.mcu.externaltools.gnu-tools-for-stm32.11.3.rel1.win32_1.1.1.202309131626/tools/bin/../lib/gcc/arm-none-eabi/11.3.1/../../../../arm-none-eabi/lib/thumb/v7e-m+fp/hard\libc_nano.a(libc_a-init.o)

.debug_line_str
                0x0000000000000000       0x46
 .debug_line_str
                0x0000000000000000       0x46 ./Startup/startup_stm32f411retx.o
                                         0x5e (size before relaxing)
