20:38:53 **** Build of configuration Debug for project MyRTOS ****
make -j4 all 
arm-none-eabi-gcc -mcpu=cortex-m4 -g3 -DDEBUG -c -x assembler-with-cpp -MMD -MP -MF"Startup/startup_stm32f411retx.d" -MT"Startup/startup_stm32f411retx.o" --specs=nano.specs -mfpu=fpv4-sp-d16 -mfloat-abi=hard -mthumb -o "Startup/startup_stm32f411retx.o" "../Startup/startup_stm32f411retx.s"
arm-none-eabi-gcc "../Src/CRC.c" -mcpu=cortex-m4 -std=gnu11 -g3 -DDEBUG -DSTM32 -DSTM32F4 -DSTM32F411RETx -c -I../Inc -O0 -ffunction-sections -fdata-sections -Wall -fstack-usage -fcyclomatic-complexity -MMD -MP -MF"Src/CRC.d" -MT"Src/CRC.o" --specs=nano.specs -mfpu=fpv4-sp-d16 -mfloat-abi=hard -mthumb -o "Src/CRC.o"
arm-none-eabi-gcc "../Src/bootloader.c" -mcpu=cortex-m4 -std=gnu11 -g3 -DDEBUG -DSTM32 -DSTM32F4 -DSTM32F411RETx -c -I../Inc -O0 -ffunction-sections -fdata-sections -Wall -fstack-usage -fcyclomatic-complexity -MMD -MP -MF"Src/bootloader.d" -MT"Src/bootloader.o" --specs=nano.specs -mfpu=fpv4-sp-d16 -mfloat-abi=hard -mthumb -o "Src/bootloader.o"
arm-none-eabi-gcc "../Src/gpio.c" -mcpu=cortex-m4 -std=gnu11 -g3 -DDEBUG -DSTM32 -DSTM32F4 -DSTM32F411RETx -c -I../Inc -O0 -ffunction-sections -fdata-sections -Wall -fstack-usage -fcyclomatic-complexity -MMD -MP -MF"Src/gpio.d" -MT"Src/gpio.o" --specs=nano.specs -mfpu=fpv4-sp-d16 -mfloat-abi=hard -mthumb -o "Src/gpio.o"
In file included from ../Src/CRC.c:1:
../Inc/CRC.h:3:10: fatal error: stm32f4xx.h: No such file or directory
    3 | #include "stm32f4xx.h"
      |          ^~~~~~~~~~~~~
compilation terminated.
In file included from ../Src/gpio.c:1:
../Inc/gpio.h:3:10: fatal error: stm32f4xx.h: No such file or directory
    3 | #include "stm32f4xx.h"
      |          ^~~~~~~~~~~~~
compilation terminated.
In file included from ../Src/bootloader.c:1:
../Inc/bootloader.h:3:10: fatal error: stm32f4xx.h: No such file or directory
    3 | #include "stm32f4xx.h"
      |          ^~~~~~~~~~~~~
compilation terminated.
make: *** [Src/subdir.mk:49: Src/CRC.o] Error 1
make: *** Waiting for unfinished jobs....
make: *** [Src/subdir.mk:49: Src/gpio.o] Error 1
make: *** [Src/subdir.mk:49: Src/bootloader.o] Error 1
"make -j4 all" terminated with exit code 2. Build might be incomplete.
20:40:52 **** Incremental Build of configuration Debug for project MyRTOS ****
make -j4 all 
arm-none-eabi-gcc "../Src/CRC.c" -mcpu=cortex-m4 -std=gnu11 -g3 -DDEBUG -DSTM32 -DSTM32F4 -DSTM32F411RETx -c -I../Inc -O0 -ffunction-sections -fdata-sections -Wall -fstack-usage -fcyclomatic-complexity -MMD -MP -MF"Src/CRC.d" -MT"Src/CRC.o" --specs=nano.specs -mfpu=fpv4-sp-d16 -mfloat-abi=hard -mthumb -o "Src/CRC.o"
arm-none-eabi-gcc "../Src/bootloader.c" -mcpu=cortex-m4 -std=gnu11 -g3 -DDEBUG -DSTM32 -DSTM32F4 -DSTM32F411RETx -c -I../Inc -O0 -ffunction-sections -fdata-sections -Wall -fstack-usage -fcyclomatic-complexity -MMD -MP -MF"Src/bootloader.d" -MT"Src/bootloader.o" --specs=nano.specs -mfpu=fpv4-sp-d16 -mfloat-abi=hard -mthumb -o "Src/bootloader.o"
arm-none-eabi-gcc "../Src/gpio.c" -mcpu=cortex-m4 -std=gnu11 -g3 -DDEBUG -DSTM32 -DSTM32F4 -DSTM32F411RETx -c -I../Inc -O0 -ffunction-sections -fdata-sections -Wall -fstack-usage -fcyclomatic-complexity -MMD -MP -MF"Src/gpio.d" -MT"Src/gpio.o" --specs=nano.specs -mfpu=fpv4-sp-d16 -mfloat-abi=hard -mthumb -o "Src/gpio.o"
arm-none-eabi-gcc "../Src/led.c" -mcpu=cortex-m4 -std=gnu11 -g3 -DDEBUG -DSTM32 -DSTM32F4 -DSTM32F411RETx -c -I../Inc -O0 -ffunction-sections -fdata-sections -Wall -fstack-usage -fcyclomatic-complexity -MMD -MP -MF"Src/led.d" -MT"Src/led.o" --specs=nano.specs -mfpu=fpv4-sp-d16 -mfloat-abi=hard -mthumb -o "Src/led.o"
In file included from ../Src/bootloader.c:1:
../Inc/bootloader.h:3:10: fatal error: stm32f4xx.h: No such file or directory
    3 | #include "stm32f4xx.h"
      |          ^~~~~~~~~~~~~
compilation terminated.
In file included from ../Src/CRC.c:1:
../Inc/CRC.h:3:10: fatal error: stm32f4xx.h: No such file or directory
    3 | #include "stm32f4xx.h"
      |          ^~~~~~~~~~~~~
compilation terminated.
In file included from ../Src/led.c:1:
../Inc/led.h:3:10: fatal error: stm32f4xx.h: No such file or directory
    3 | #include "stm32f4xx.h"
      |          ^~~~~~~~~~~~~
compilation terminated.
In file included from ../Src/gpio.c:1:
../Inc/gpio.h:3:10: fatal error: stm32f4xx.h: No such file or directory
    3 | #include "stm32f4xx.h"
      |          ^~~~~~~~~~~~~
compilation terminated.
make: *** [Src/subdir.mk:49: Src/bootloader.o] Error 1
make: *** Waiting for unfinished jobs....
make: *** [Src/subdir.mk:49: Src/CRC.o] Error 1
make: *** [Src/subdir.mk:49: Src/gpio.o] Error 1
make: *** [Src/subdir.mk:49: Src/led.o] Error 1
"make -j4 all" terminated with exit code 2. Build might be incomplete.
20:49:34 **** Incremental Build of configuration Debug for project MyRTOS ****
make -j4 all 
arm-none-eabi-gcc "../Src/CRC.c" -mcpu=cortex-m4 -std=gnu11 -g3 -DDEBUG -DSTM32 -DSTM32F4 -DSTM32F411RETx -c -I../Inc -O0 -ffunction-sections -fdata-sections -Wall -fstack-usage -fcyclomatic-complexity -MMD -MP -MF"Src/CRC.d" -MT"Src/CRC.o" --specs=nano.specs -mfpu=fpv4-sp-d16 -mfloat-abi=hard -mthumb -o "Src/CRC.o"
arm-none-eabi-gcc "../Src/bootloader.c" -mcpu=cortex-m4 -std=gnu11 -g3 -DDEBUG -DSTM32 -DSTM32F4 -DSTM32F411RETx -c -I../Inc -O0 -ffunction-sections -fdata-sections -Wall -fstack-usage -fcyclomatic-complexity -MMD -MP -MF"Src/bootloader.d" -MT"Src/bootloader.o" --specs=nano.specs -mfpu=fpv4-sp-d16 -mfloat-abi=hard -mthumb -o "Src/bootloader.o"
arm-none-eabi-gcc "../Src/gpio.c" -mcpu=cortex-m4 -std=gnu11 -g3 -DDEBUG -DSTM32 -DSTM32F4 -DSTM32F411RETx -c -I../Inc -O0 -ffunction-sections -fdata-sections -Wall -fstack-usage -fcyclomatic-complexity -MMD -MP -MF"Src/gpio.d" -MT"Src/gpio.o" --specs=nano.specs -mfpu=fpv4-sp-d16 -mfloat-abi=hard -mthumb -o "Src/gpio.o"
arm-none-eabi-gcc "../Src/led.c" -mcpu=cortex-m4 -std=gnu11 -g3 -DDEBUG -DSTM32 -DSTM32F4 -DSTM32F411RETx -c -I../Inc -O0 -ffunction-sections -fdata-sections -Wall -fstack-usage -fcyclomatic-complexity -MMD -MP -MF"Src/led.d" -MT"Src/led.o" --specs=nano.specs -mfpu=fpv4-sp-d16 -mfloat-abi=hard -mthumb -o "Src/led.o"
In file included from ../Src/CRC.c:1:
../Inc/CRC.h:3:10: fatal error: stm32f4xx.h: No such file or directory
    3 | #include "stm32f4xx.h"
      |          ^~~~~~~~~~~~~
In file included from ../Src/gpio.c:1:
../Inc/gpio.h:3:10: fatal error: stm32f4xx.h: No such file or directory
    3 | #include "stm32f4xx.h"
      |          ^~~~~~~~~~~~~
compilation terminated.
compilation terminated.
In file included from ../Src/bootloader.c:1:
../Inc/bootloader.h:3:10: fatal error: stm32f4xx.h: No such file or directory
    3 | #include "stm32f4xx.h"
      |          ^~~~~~~~~~~~~
compilation terminated.
make: *** [Src/subdir.mk:49: Src/CRC.o] Error 1
make: *** Waiting for unfinished jobs....
make: *** [Src/subdir.mk:49: Src/gpio.o] Error 1
make: *** [Src/subdir.mk:49: Src/bootloader.o] Error 1
In file included from ../Src/led.c:1:
../Inc/led.h:3:10: fatal error: stm32f4xx.h: No such file or directory
    3 | #include "stm32f4xx.h"
      |          ^~~~~~~~~~~~~
compilation terminated.
make: *** [Src/subdir.mk:49: Src/led.o] Error 1
"make -j4 all" terminated with exit code 2. Build might be incomplete.
21:01:21 **** Incremental Build of configuration Debug for project MyRTOS ****
make -j4 all 
arm-none-eabi-gcc "../Src/CRC.c" -mcpu=cortex-m4 -std=gnu11 -g3 -DDEBUG -DSTM32 -DSTM32F4 -DSTM32F411RETx -DSTM32F411xE -c -I../Inc -I"..//chip_headers/CMSIS/Device/ST/STM32F4xx/Include" -I"..//chip_headers/CMSIS/Include" -O0 -ffunction-sections -fdata-sections -Wall -fstack-usage -fcyclomatic-complexity -MMD -MP -MF"Src/CRC.d" -MT"Src/CRC.o" --specs=nano.specs -mfpu=fpv4-sp-d16 -mfloat-abi=hard -mthumb -o "Src/CRC.o"
arm-none-eabi-gcc "../Src/bootloader.c" -mcpu=cortex-m4 -std=gnu11 -g3 -DDEBUG -DSTM32 -DSTM32F4 -DSTM32F411RETx -DSTM32F411xE -c -I../Inc -I"..//chip_headers/CMSIS/Device/ST/STM32F4xx/Include" -I"..//chip_headers/CMSIS/Include" -O0 -ffunction-sections -fdata-sections -Wall -fstack-usage -fcyclomatic-complexity -MMD -MP -MF"Src/bootloader.d" -MT"Src/bootloader.o" --specs=nano.specs -mfpu=fpv4-sp-d16 -mfloat-abi=hard -mthumb -o "Src/bootloader.o"
arm-none-eabi-gcc "../Src/gpio.c" -mcpu=cortex-m4 -std=gnu11 -g3 -DDEBUG -DSTM32 -DSTM32F4 -DSTM32F411RETx -DSTM32F411xE -c -I../Inc -I"..//chip_headers/CMSIS/Device/ST/STM32F4xx/Include" -I"..//chip_headers/CMSIS/Include" -O0 -ffunction-sections -fdata-sections -Wall -fstack-usage -fcyclomatic-complexity -MMD -MP -MF"Src/gpio.d" -MT"Src/gpio.o" --specs=nano.specs -mfpu=fpv4-sp-d16 -mfloat-abi=hard -mthumb -o "Src/gpio.o"
arm-none-eabi-gcc "../Src/led.c" -mcpu=cortex-m4 -std=gnu11 -g3 -DDEBUG -DSTM32 -DSTM32F4 -DSTM32F411RETx -DSTM32F411xE -c -I../Inc -I"..//chip_headers/CMSIS/Device/ST/STM32F4xx/Include" -I"..//chip_headers/CMSIS/Include" -O0 -ffunction-sections -fdata-sections -Wall -fstack-usage -fcyclomatic-complexity -MMD -MP -MF"Src/led.d" -MT"Src/led.o" --specs=nano.specs -mfpu=fpv4-sp-d16 -mfloat-abi=hard -mthumb -o "Src/led.o"
../Src/bootloader.c: In function 'bootloader_uart_read_data':
../Src/bootloader.c:24:17: warning: implicit declaration of function 'memset' [-Wimplicit-function-declaration]
   24 |                 memset(bl_rx_buffer,0,200);
      |                 ^~~~~~
../Src/bootloader.c:3:1: note: include '<string.h>' or provide a declaration of 'memset'
    2 | #include "gpio.h"
  +++ |+#include <string.h>
    3 | #define BL_RX_LEN  200
../Src/bootloader.c:24:17: warning: incompatible implicit declaration of built-in function 'memset' [-Wbuiltin-declaration-mismatch]
   24 |                 memset(bl_rx_buffer,0,200);
      |                 ^~~~~~
../Src/bootloader.c:24:17: note: include '<string.h>' or provide a declaration of 'memset'
../Src/bootloader.c:32:17: warning: implicit declaration of function 'sprintf' [-Wimplicit-function-declaration]
   32 |                 sprintf(payLoad,"BL_DEBUG_MSG:command code received from host:%d %d \r\n" , bl_rx_buffer[0], bl_rx_buffer[2]);
      |                 ^~~~~~~
../Src/bootloader.c:3:1: note: include '<stdio.h>' or provide a declaration of 'sprintf'
    2 | #include "gpio.h"
  +++ |+#include <stdio.h>
    3 | #define BL_RX_LEN  200
../Src/bootloader.c:32:17: warning: incompatible implicit declaration of built-in function 'sprintf' [-Wbuiltin-declaration-mismatch]
   32 |                 sprintf(payLoad,"BL_DEBUG_MSG:command code received from host:%d %d \r\n" , bl_rx_buffer[0], bl_rx_buffer[2]);
      |                 ^~~~~~~
../Src/bootloader.c:32:17: note: include '<stdio.h>' or provide a declaration of 'sprintf'
../Src/bootloader.c:32:25: warning: pointer targets in passing argument 1 of 'sprintf' differ in signedness [-Wpointer-sign]
   32 |                 sprintf(payLoad,"BL_DEBUG_MSG:command code received from host:%d %d \r\n" , bl_rx_buffer[0], bl_rx_buffer[2]);
      |                         ^~~~~~~
      |                         |
      |                         uint8_t * {aka unsigned char *}
../Src/bootloader.c:32:25: note: expected 'char *' but argument is of type 'uint8_t *' {aka 'unsigned char *'}
../Src/bootloader.c:73:25: warning: pointer targets in passing argument 1 of 'sprintf' differ in signedness [-Wpointer-sign]
   73 |                 sprintf(payLoad,"BL_DEBUG_MSG:Invalid command code received from host \r\n");
      |                         ^~~~~~~
      |                         |
      |                         uint8_t * {aka unsigned char *}
../Src/bootloader.c:73:25: note: expected 'char *' but argument is of type 'uint8_t *' {aka 'unsigned char *'}
../Src/bootloader.c: In function 'bootloader_jump_to_user_app':
../Src/bootloader.c:91:5: warning: incompatible implicit declaration of built-in function 'sprintf' [-Wbuiltin-declaration-mismatch]
   91 |     sprintf(payLoad ,"BL_DEBUG_MSG:bootloader_jump_to_user_app\n");
      |     ^~~~~~~
../Src/bootloader.c:91:5: note: include '<stdio.h>' or provide a declaration of 'sprintf'
../Src/bootloader.c:91:13: warning: pointer targets in passing argument 1 of 'sprintf' differ in signedness [-Wpointer-sign]
   91 |     sprintf(payLoad ,"BL_DEBUG_MSG:bootloader_jump_to_user_app\n");
      |             ^~~~~~~
      |             |
      |             uint8_t * {aka unsigned char *}
../Src/bootloader.c:91:13: note: expected 'char *' but argument is of type 'uint8_t *' {aka 'unsigned char *'}
../Src/bootloader.c:96:13: warning: pointer targets in passing argument 1 of 'sprintf' differ in signedness [-Wpointer-sign]
   96 |     sprintf(payLoad,"BL_DEBUG_MSG:MSP value : %#x\n",msp_value);
      |             ^~~~~~~
      |             |
      |             uint8_t * {aka unsigned char *}
../Src/bootloader.c:96:13: note: expected 'char *' but argument is of type 'uint8_t *' {aka 'unsigned char *'}
../Src/bootloader.c:96:49: warning: format '%x' expects argument of type 'unsigned int', but argument 3 has type 'uint32_t' {aka 'long unsigned int'} [-Wformat=]
   96 |     sprintf(payLoad,"BL_DEBUG_MSG:MSP value : %#x\n",msp_value);
      |                                               ~~^    ~~~~~~~~~
      |                                                 |    |
      |                                                 |    uint32_t {aka long unsigned int}
      |                                                 unsigned int
      |                                               %#lx
../Src/bootloader.c:111:13: warning: pointer targets in passing argument 1 of 'sprintf' differ in signedness [-Wpointer-sign]
  111 |     sprintf(payLoad,"BL_DEBUG_MSG: app reset handler addr : %#x\n",app_reset_handler);
      |             ^~~~~~~
      |             |
      |             uint8_t * {aka unsigned char *}
../Src/bootloader.c:111:13: note: expected 'char *' but argument is of type 'uint8_t *' {aka 'unsigned char *'}
../Src/bootloader.c:111:63: warning: format '%x' expects argument of type 'unsigned int', but argument 3 has type 'void (*)(void)' [-Wformat=]
  111 |     sprintf(payLoad,"BL_DEBUG_MSG: app reset handler addr : %#x\n",app_reset_handler);
      |                                                             ~~^    ~~~~~~~~~~~~~~~~~
      |                                                               |    |
      |                                                               |    void (*)(void)
      |                                                               unsigned int
../Src/bootloader.c: In function 'bootloader_handle_getver_cmd':
../Src/bootloader.c:126:5: warning: incompatible implicit declaration of built-in function 'memset' [-Wbuiltin-declaration-mismatch]
  126 |     memset(payLoad,0,100);
      |     ^~~~~~
../Src/bootloader.c:126:5: note: include '<string.h>' or provide a declaration of 'memset'
../Src/bootloader.c:127:7: warning: incompatible implicit declaration of built-in function 'sprintf' [-Wbuiltin-declaration-mismatch]
  127 |       sprintf(payLoad,"BL_DEBUG_MSG:bootloader_handle_getver_cmd\r\n");
      |       ^~~~~~~
../Src/bootloader.c:127:7: note: include '<stdio.h>' or provide a declaration of 'sprintf'
../Src/bootloader.c:127:15: warning: pointer targets in passing argument 1 of 'sprintf' differ in signedness [-Wpointer-sign]
  127 |       sprintf(payLoad,"BL_DEBUG_MSG:bootloader_handle_getver_cmd\r\n");
      |               ^~~~~~~
      |               |
      |               uint8_t * {aka unsigned char *}
../Src/bootloader.c:127:15: note: expected 'char *' but argument is of type 'uint8_t *' {aka 'unsigned char *'}
../Src/bootloader.c:151:17: warning: pointer targets in passing argument 1 of 'sprintf' differ in signedness [-Wpointer-sign]
  151 |         sprintf(payLoad,"BL_DEBUG_MSG:BL_VER : %d %#x \r\n",bl_version,bl_version);
      |                 ^~~~~~~
      |                 |
      |                 uint8_t * {aka unsigned char *}
../Src/bootloader.c:151:17: note: expected 'char *' but argument is of type 'uint8_t *' {aka 'unsigned char *'}
../Src/bootloader.c:130:20: warning: unused variable 'command_packet_len' [-Wunused-variable]
  130 |           uint32_t command_packet_len = bl_rx_buffer[0]+1 ;
      |                    ^~~~~~~~~~~~~~~~~~
../Src/bootloader.c: In function 'bootloader_send_nack':
../Src/bootloader.c:185:26: warning: passing argument 1 of 'usart_send_bytes' makes pointer from integer without a cast [-Wint-conversion]
  185 |         usart_send_bytes(nack,sizeof(nack));
      |                          ^~~~
      |                          |
      |                          uint8_t {aka unsigned char}
In file included from ../Inc/bootloader.h:4,
                 from ../Src/bootloader.c:1:
../Inc/usart.h:7:31: note: expected 'uint8_t *' {aka 'unsigned char *'} but argument is of type 'uint8_t' {aka 'unsigned char'}
    7 | void usart_send_bytes(uint8_t data[],uint8_t byteLength);
      |                       ~~~~~~~~^~~~~~
../Src/bootloader.c: In function 'bootloader_handle_gethelp_cmd':
../Src/bootloader.c:195:9: warning: incompatible implicit declaration of built-in function 'sprintf' [-Wbuiltin-declaration-mismatch]
  195 |         sprintf(payLoad,"BL_DEBUG_MSG:bootloader_handle_gethelp_cmd\n");
      |         ^~~~~~~
../Src/bootloader.c:195:9: note: include '<stdio.h>' or provide a declaration of 'sprintf'
../Src/bootloader.c:195:17: warning: pointer targets in passing argument 1 of 'sprintf' differ in signedness [-Wpointer-sign]
  195 |         sprintf(payLoad,"BL_DEBUG_MSG:bootloader_handle_gethelp_cmd\n");
      |                 ^~~~~~~
      |                 |
      |                 uint8_t * {aka unsigned char *}
../Src/bootloader.c:195:17: note: expected 'char *' but argument is of type 'uint8_t *' {aka 'unsigned char *'}
../Src/bootloader.c:198:18: warning: unused variable 'command_packet_len' [-Wunused-variable]
  198 |         uint32_t command_packet_len = bl_rx_buffer[0]+1 ;
      |                  ^~~~~~~~~~~~~~~~~~
../Src/bootloader.c: In function 'bootloader_handle_getcid_cmd':
../Src/bootloader.c:226:5: warning: incompatible implicit declaration of built-in function 'sprintf' [-Wbuiltin-declaration-mismatch]
  226 |     sprintf(payLoad,"BL_DEBUG_MSG:bootloader_handle_getcid_cmd\n");
      |     ^~~~~~~
../Src/bootloader.c:226:5: note: include '<stdio.h>' or provide a declaration of 'sprintf'
../Src/bootloader.c:226:13: warning: pointer targets in passing argument 1 of 'sprintf' differ in signedness [-Wpointer-sign]
  226 |     sprintf(payLoad,"BL_DEBUG_MSG:bootloader_handle_getcid_cmd\n");
      |             ^~~~~~~
      |             |
      |             uint8_t * {aka unsigned char *}
../Src/bootloader.c:226:13: note: expected 'char *' but argument is of type 'uint8_t *' {aka 'unsigned char *'}
../Src/bootloader.c:242:21: warning: pointer targets in passing argument 1 of 'sprintf' differ in signedness [-Wpointer-sign]
  242 |             sprintf(payLoad,"BL_DEBUG_MSG:MCU id : %d %#x !!\n",bl_cid_num, bl_cid_num);
      |                     ^~~~~~~
      |                     |
      |                     uint8_t * {aka unsigned char *}
../Src/bootloader.c:242:21: note: expected 'char *' but argument is of type 'uint8_t *' {aka 'unsigned char *'}
../Src/bootloader.c:230:18: warning: unused variable 'command_packet_len' [-Wunused-variable]
  230 |         uint32_t command_packet_len = bl_rx_buffer[0]+1 ;
      |                  ^~~~~~~~~~~~~~~~~~
../Src/bootloader.c: In function 'bootloader_handle_getrdp_cmd':
../Src/bootloader.c:260:5: warning: incompatible implicit declaration of built-in function 'sprintf' [-Wbuiltin-declaration-mismatch]
  260 |     sprintf(payLoad,"BL_DEBUG_MSG:bootloader_handle_getrdp_cmd\n");
      |     ^~~~~~~
../Src/bootloader.c:260:5: note: include '<stdio.h>' or provide a declaration of 'sprintf'
../Src/bootloader.c:260:13: warning: pointer targets in passing argument 1 of 'sprintf' differ in signedness [-Wpointer-sign]
  260 |     sprintf(payLoad,"BL_DEBUG_MSG:bootloader_handle_getrdp_cmd\n");
      |             ^~~~~~~
      |             |
      |             uint8_t * {aka unsigned char *}
../Src/bootloader.c:260:13: note: expected 'char *' but argument is of type 'uint8_t *' {aka 'unsigned char *'}
../Src/bootloader.c:276:21: warning: pointer targets in passing argument 1 of 'sprintf' differ in signedness [-Wpointer-sign]
  276 |             sprintf(payLoad,"BL_DEBUG_MSG:RDP level: %d %#x\n",rdp_level,rdp_level);
      |                     ^~~~~~~
      |                     |
      |                     uint8_t * {aka unsigned char *}
../Src/bootloader.c:276:21: note: expected 'char *' but argument is of type 'uint8_t *' {aka 'unsigned char *'}
../Src/bootloader.c:264:18: warning: unused variable 'command_packet_len' [-Wunused-variable]
  264 |         uint32_t command_packet_len = bl_rx_buffer[0]+1 ;
      |                  ^~~~~~~~~~~~~~~~~~
../Src/bootloader.c: In function 'bootloader_handle_go_cmd':
../Src/bootloader.c:298:5: warning: incompatible implicit declaration of built-in function 'sprintf' [-Wbuiltin-declaration-mismatch]
  298 |     sprintf(payLoad,"BL_DEBUG_MSG:bootloader_handle_go_cmd\n");
      |     ^~~~~~~
../Src/bootloader.c:298:5: note: include '<stdio.h>' or provide a declaration of 'sprintf'
../Src/bootloader.c:298:13: warning: pointer targets in passing argument 1 of 'sprintf' differ in signedness [-Wpointer-sign]
  298 |     sprintf(payLoad,"BL_DEBUG_MSG:bootloader_handle_go_cmd\n");
      |             ^~~~~~~
      |             |
      |             uint8_t * {aka unsigned char *}
../Src/bootloader.c:298:13: note: expected 'char *' but argument is of type 'uint8_t *' {aka 'unsigned char *'}
../Src/bootloader.c:316:21: warning: pointer targets in passing argument 1 of 'sprintf' differ in signedness [-Wpointer-sign]
  316 |             sprintf(payLoad,"BL_DEBUG_MSG:GO addr: %#x\n",go_address);
      |                     ^~~~~~~
      |                     |
      |                     uint8_t * {aka unsigned char *}
../Src/bootloader.c:316:21: note: expected 'char *' but argument is of type 'uint8_t *' {aka 'unsigned char *'}
../Src/bootloader.c:316:54: warning: format '%x' expects argument of type 'unsigned int', but argument 3 has type 'uint32_t' {aka 'long unsigned int'} [-Wformat=]
  316 |             sprintf(payLoad,"BL_DEBUG_MSG:GO addr: %#x\n",go_address);
      |                                                    ~~^    ~~~~~~~~~~
      |                                                      |    |
      |                                                      |    uint32_t {aka long unsigned int}
      |                                                      unsigned int
      |                                                    %#lx
../Src/bootloader.c:334:21: warning: pointer targets in passing argument 1 of 'sprintf' differ in signedness [-Wpointer-sign]
  334 |             sprintf(payLoad,"BL_DEBUG_MSG: jumping to go address! \n");
      |                     ^~~~~~~
      |                     |
      |                     uint8_t * {aka unsigned char *}
../Src/bootloader.c:334:21: note: expected 'char *' but argument is of type 'uint8_t *' {aka 'unsigned char *'}
../Src/bootloader.c:340:21: warning: pointer targets in passing argument 1 of 'sprintf' differ in signedness [-Wpointer-sign]
  340 |             sprintf(payLoad,"BL_DEBUG_MSG:GO addr invalid ! \n");
      |                     ^~~~~~~
      |                     |
      |                     uint8_t * {aka unsigned char *}
../Src/bootloader.c:340:21: note: expected 'char *' but argument is of type 'uint8_t *' {aka 'unsigned char *'}
../Src/bootloader.c:302:18: warning: unused variable 'command_packet_len' [-Wunused-variable]
  302 |         uint32_t command_packet_len = bl_rx_buffer[0]+1 ;
      |                  ^~~~~~~~~~~~~~~~~~
arm-none-eabi-gcc "../Src/main.c" -mcpu=cortex-m4 -std=gnu11 -g3 -DDEBUG -DSTM32 -DSTM32F4 -DSTM32F411RETx -DSTM32F411xE -c -I../Inc -I"..//chip_headers/CMSIS/Device/ST/STM32F4xx/Include" -I"..//chip_headers/CMSIS/Include" -O0 -ffunction-sections -fdata-sections -Wall -fstack-usage -fcyclomatic-complexity -MMD -MP -MF"Src/main.d" -MT"Src/main.o" --specs=nano.specs -mfpu=fpv4-sp-d16 -mfloat-abi=hard -mthumb -o "Src/main.o"
arm-none-eabi-gcc "../Src/osKernel.c" -mcpu=cortex-m4 -std=gnu11 -g3 -DDEBUG -DSTM32 -DSTM32F4 -DSTM32F411RETx -DSTM32F411xE -c -I../Inc -I"..//chip_headers/CMSIS/Device/ST/STM32F4xx/Include" -I"..//chip_headers/CMSIS/Include" -O0 -ffunction-sections -fdata-sections -Wall -fstack-usage -fcyclomatic-complexity -MMD -MP -MF"Src/osKernel.d" -MT"Src/osKernel.o" --specs=nano.specs -mfpu=fpv4-sp-d16 -mfloat-abi=hard -mthumb -o "Src/osKernel.o"
arm-none-eabi-gcc "../Src/syscalls.c" -mcpu=cortex-m4 -std=gnu11 -g3 -DDEBUG -DSTM32 -DSTM32F4 -DSTM32F411RETx -DSTM32F411xE -c -I../Inc -I"..//chip_headers/CMSIS/Device/ST/STM32F4xx/Include" -I"..//chip_headers/CMSIS/Include" -O0 -ffunction-sections -fdata-sections -Wall -fstack-usage -fcyclomatic-complexity -MMD -MP -MF"Src/syscalls.d" -MT"Src/syscalls.o" --specs=nano.specs -mfpu=fpv4-sp-d16 -mfloat-abi=hard -mthumb -o "Src/syscalls.o"
../Src/osKernel.c: In function 'osKernelAddThreads':
../Src/osKernel.c:47:18: warning: assignment to 'struct tcb *' from incompatible pointer type 'uint32_t **' {aka 'long unsigned int **'} [-Wincompatible-pointer-types]
   47 |   tcbs[0].nextPt = &tcbs[1].stackPt;
      |                  ^
../Src/osKernel.c:48:18: warning: assignment to 'struct tcb *' from incompatible pointer type 'uint32_t **' {aka 'long unsigned int **'} [-Wincompatible-pointer-types]
   48 |   tcbs[1].nextPt = &tcbs[2].stackPt;
      |                  ^
../Src/osKernel.c:49:18: warning: assignment to 'struct tcb *' from incompatible pointer type 'uint32_t **' {aka 'long unsigned int **'} [-Wincompatible-pointer-types]
   49 |   tcbs[2].nextPt = &tcbs[0].stackPt;
      |                  ^
../Src/main.c: In function 'task0':
../Src/main.c:176:33: warning: passing argument 1 of 'osSemaphoreWait' from incompatible pointer type [-Wincompatible-pointer-types]
  176 |                 osSemaphoreWait(&semaphore1);
      |                                 ^~~~~~~~~~~
      |                                 |
      |                                 uint32_t ** {aka long unsigned int **}
In file included from ../Src/main.c:7:
../Inc/osKernel.h:36:32: note: expected 'uint32_t *' {aka 'long unsigned int *'} but argument is of type 'uint32_t **' {aka 'long unsigned int **'}
   36 | void osSemaphoreWait(uint32_t *semaphore);
      |                      ~~~~~~~~~~^~~~~~~~~
../Src/main.c:178:33: warning: passing argument 1 of 'osSemaphoreGive' from incompatible pointer type [-Wincompatible-pointer-types]
  178 |                 osSemaphoreGive(&semaphore2);
      |                                 ^~~~~~~~~~~
      |                                 |
      |                                 uint32_t ** {aka long unsigned int **}
In file included from ../Src/main.c:7:
../Inc/osKernel.h:35:32: note: expected 'uint32_t *' {aka 'long unsigned int *'} but argument is of type 'uint32_t **' {aka 'long unsigned int **'}
   35 | void osSemaphoreGive(uint32_t *semaphore);
      |                      ~~~~~~~~~~^~~~~~~~~
../Src/main.c: In function 'task1':
../Src/main.c:188:33: warning: passing argument 1 of 'osSemaphoreWait' from incompatible pointer type [-Wincompatible-pointer-types]
  188 |                 osSemaphoreWait(&semaphore2);
      |                                 ^~~~~~~~~~~
      |                                 |
      |                                 uint32_t ** {aka long unsigned int **}
In file included from ../Src/main.c:7:
../Inc/osKernel.h:36:32: note: expected 'uint32_t *' {aka 'long unsigned int *'} but argument is of type 'uint32_t **' {aka 'long unsigned int **'}
   36 | void osSemaphoreWait(uint32_t *semaphore);
      |                      ~~~~~~~~~~^~~~~~~~~
../Src/main.c:190:33: warning: passing argument 1 of 'osSemaphoreGive' from incompatible pointer type [-Wincompatible-pointer-types]
  190 |                 osSemaphoreGive(&semaphore1);
      |                                 ^~~~~~~~~~~
      |                                 |
      |                                 uint32_t ** {aka long unsigned int **}
In file included from ../Src/main.c:7:
../Inc/osKernel.h:35:32: note: expected 'uint32_t *' {aka 'long unsigned int *'} but argument is of type 'uint32_t **' {aka 'long unsigned int **'}
   35 | void osSemaphoreGive(uint32_t *semaphore);
      |                      ~~~~~~~~~~^~~~~~~~~
../Src/main.c: In function 'main':
../Src/main.c:226:25: warning: passing argument 1 of 'osSemaphoreInit' from incompatible pointer type [-Wincompatible-pointer-types]
  226 |         osSemaphoreInit(&semaphore1,1);
      |                         ^~~~~~~~~~~
      |                         |
      |                         uint32_t ** {aka long unsigned int **}
In file included from ../Src/main.c:7:
../Inc/osKernel.h:34:32: note: expected 'uint32_t *' {aka 'long unsigned int *'} but argument is of type 'uint32_t **' {aka 'long unsigned int **'}
   34 | void osSemaphoreInit(uint32_t *semaphore , uint32_t value);
      |                      ~~~~~~~~~~^~~~~~~~~
../Src/main.c:227:25: warning: passing argument 1 of 'osSemaphoreInit' from incompatible pointer type [-Wincompatible-pointer-types]
  227 |         osSemaphoreInit(&semaphore2,0);
      |                         ^~~~~~~~~~~
      |                         |
      |                         uint32_t ** {aka long unsigned int **}
In file included from ../Src/main.c:7:
../Inc/osKernel.h:34:32: note: expected 'uint32_t *' {aka 'long unsigned int *'} but argument is of type 'uint32_t **' {aka 'long unsigned int **'}
   34 | void osSemaphoreInit(uint32_t *semaphore , uint32_t value);
      |                      ~~~~~~~~~~^~~~~~~~~
arm-none-eabi-gcc "../Src/sysmem.c" -mcpu=cortex-m4 -std=gnu11 -g3 -DDEBUG -DSTM32 -DSTM32F4 -DSTM32F411RETx -DSTM32F411xE -c -I../Inc -I"..//chip_headers/CMSIS/Device/ST/STM32F4xx/Include" -I"..//chip_headers/CMSIS/Include" -O0 -ffunction-sections -fdata-sections -Wall -fstack-usage -fcyclomatic-complexity -MMD -MP -MF"Src/sysmem.d" -MT"Src/sysmem.o" --specs=nano.specs -mfpu=fpv4-sp-d16 -mfloat-abi=hard -mthumb -o "Src/sysmem.o"
arm-none-eabi-gcc "../Src/timebase.c" -mcpu=cortex-m4 -std=gnu11 -g3 -DDEBUG -DSTM32 -DSTM32F4 -DSTM32F411RETx -DSTM32F411xE -c -I../Inc -I"..//chip_headers/CMSIS/Device/ST/STM32F4xx/Include" -I"..//chip_headers/CMSIS/Include" -O0 -ffunction-sections -fdata-sections -Wall -fstack-usage -fcyclomatic-complexity -MMD -MP -MF"Src/timebase.d" -MT"Src/timebase.o" --specs=nano.specs -mfpu=fpv4-sp-d16 -mfloat-abi=hard -mthumb -o "Src/timebase.o"
arm-none-eabi-gcc "../Src/timer.c" -mcpu=cortex-m4 -std=gnu11 -g3 -DDEBUG -DSTM32 -DSTM32F4 -DSTM32F411RETx -DSTM32F411xE -c -I../Inc -I"..//chip_headers/CMSIS/Device/ST/STM32F4xx/Include" -I"..//chip_headers/CMSIS/Include" -O0 -ffunction-sections -fdata-sections -Wall -fstack-usage -fcyclomatic-complexity -MMD -MP -MF"Src/timer.d" -MT"Src/timer.o" --specs=nano.specs -mfpu=fpv4-sp-d16 -mfloat-abi=hard -mthumb -o "Src/timer.o"
arm-none-eabi-gcc "../Src/usart.c" -mcpu=cortex-m4 -std=gnu11 -g3 -DDEBUG -DSTM32 -DSTM32F4 -DSTM32F411RETx -DSTM32F411xE -c -I../Inc -I"..//chip_headers/CMSIS/Device/ST/STM32F4xx/Include" -I"..//chip_headers/CMSIS/Include" -O0 -ffunction-sections -fdata-sections -Wall -fstack-usage -fcyclomatic-complexity -MMD -MP -MF"Src/usart.d" -MT"Src/usart.o" --specs=nano.specs -mfpu=fpv4-sp-d16 -mfloat-abi=hard -mthumb -o "Src/usart.o"
../Src/usart.c: In function 'print':
../Src/usart.c:86:9: warning: implicit declaration of function 'memset' [-Wimplicit-function-declaration]
   86 |         memset(payLoad,0,100);
      |         ^~~~~~
../Src/usart.c:2:1: note: include '<string.h>' or provide a declaration of 'memset'
    1 | #include "usart.h"
  +++ |+#include <string.h>
    2 | 
../Src/usart.c:86:9: warning: incompatible implicit declaration of built-in function 'memset' [-Wbuiltin-declaration-mismatch]
   86 |         memset(payLoad,0,100);
      |         ^~~~~~
../Src/usart.c:86:9: note: include '<string.h>' or provide a declaration of 'memset'
../Src/usart.c:87:9: warning: implicit declaration of function 'sprintf' [-Wimplicit-function-declaration]
   87 |         sprintf(payLoad,buffer);
      |         ^~~~~~~
../Src/usart.c:2:1: note: include '<stdio.h>' or provide a declaration of 'sprintf'
    1 | #include "usart.h"
  +++ |+#include <stdio.h>
    2 | 
../Src/usart.c:87:9: warning: incompatible implicit declaration of built-in function 'sprintf' [-Wbuiltin-declaration-mismatch]
   87 |         sprintf(payLoad,buffer);
      |         ^~~~~~~
../Src/usart.c:87:9: note: include '<stdio.h>' or provide a declaration of 'sprintf'
../Src/usart.c:87:17: warning: pointer targets in passing argument 1 of 'sprintf' differ in signedness [-Wpointer-sign]
   87 |         sprintf(payLoad,buffer);
      |                 ^~~~~~~
      |                 |
      |                 uint8_t * {aka unsigned char *}
../Src/usart.c:87:17: note: expected 'char *' but argument is of type 'uint8_t *' {aka 'unsigned char *'}
arm-none-eabi-gcc -o "MyRTOS.elf" @"objects.list"   -mcpu=cortex-m4 -T"E:\MyRTOSForSTM32F4xx\MyRTOS\STM32F411RETX_FLASH.ld" --specs=nosys.specs -Wl,-Map="MyRTOS.map" -Wl,--gc-sections -static --specs=nano.specs -mfpu=fpv4-sp-d16 -mfloat-abi=hard -mthumb -Wl,--start-group -lc -lm -Wl,--end-group
Finished building target: MyRTOS.elf
 
arm-none-eabi-size   MyRTOS.elf 
arm-none-eabi-objdump -h -S  MyRTOS.elf  > "MyRTOS.list"
   text	   data	    bss	    dec	    hex	filename
   5220	     88	   3536	   8844	   228c	MyRTOS.elf
Finished building: default.size.stdout
 
Finished building: MyRTOS.list
 
21:03:11 **** Incremental Build of configuration Debug for project MyRTOS ****
make -j4 all 
arm-none-eabi-gcc "../Src/main.c" -mcpu=cortex-m4 -std=gnu11 -g3 -DDEBUG -DSTM32 -DSTM32F4 -DSTM32F411RETx -DSTM32F411xE -c -I../Inc -I"..//chip_headers/CMSIS/Device/ST/STM32F4xx/Include" -I"..//chip_headers/CMSIS/Include" -O0 -ffunction-sections -fdata-sections -Wall -fstack-usage -fcyclomatic-complexity -MMD -MP -MF"Src/main.d" -MT"Src/main.o" --specs=nano.specs -mfpu=fpv4-sp-d16 -mfloat-abi=hard -mthumb -o "Src/main.o"
../Src/main.c: In function 'task0':
../Src/main.c:176:33: warning: passing argument 1 of 'osSemaphoreWait' from incompatible pointer type [-Wincompatible-pointer-types]
  176 |                 osSemaphoreWait(&semaphore1);
      |                                 ^~~~~~~~~~~
      |                                 |
      |                                 uint32_t ** {aka long unsigned int **}
In file included from ../Src/main.c:7:
../Inc/osKernel.h:36:32: note: expected 'uint32_t *' {aka 'long unsigned int *'} but argument is of type 'uint32_t **' {aka 'long unsigned int **'}
   36 | void osSemaphoreWait(uint32_t *semaphore);
      |                      ~~~~~~~~~~^~~~~~~~~
../Src/main.c:178:33: warning: passing argument 1 of 'osSemaphoreGive' from incompatible pointer type [-Wincompatible-pointer-types]
  178 |                 osSemaphoreGive(&semaphore2);
      |                                 ^~~~~~~~~~~
      |                                 |
      |                                 uint32_t ** {aka long unsigned int **}
In file included from ../Src/main.c:7:
../Inc/osKernel.h:35:32: note: expected 'uint32_t *' {aka 'long unsigned int *'} but argument is of type 'uint32_t **' {aka 'long unsigned int **'}
   35 | void osSemaphoreGive(uint32_t *semaphore);
      |                      ~~~~~~~~~~^~~~~~~~~
../Src/main.c: In function 'task1':
../Src/main.c:188:33: warning: passing argument 1 of 'osSemaphoreWait' from incompatible pointer type [-Wincompatible-pointer-types]
  188 |                 osSemaphoreWait(&semaphore2);
      |                                 ^~~~~~~~~~~
      |                                 |
      |                                 uint32_t ** {aka long unsigned int **}
In file included from ../Src/main.c:7:
../Inc/osKernel.h:36:32: note: expected 'uint32_t *' {aka 'long unsigned int *'} but argument is of type 'uint32_t **' {aka 'long unsigned int **'}
   36 | void osSemaphoreWait(uint32_t *semaphore);
      |                      ~~~~~~~~~~^~~~~~~~~
../Src/main.c:190:33: warning: passing argument 1 of 'osSemaphoreGive' from incompatible pointer type [-Wincompatible-pointer-types]
  190 |                 osSemaphoreGive(&semaphore1);
      |                                 ^~~~~~~~~~~
      |                                 |
      |                                 uint32_t ** {aka long unsigned int **}
In file included from ../Src/main.c:7:
../Inc/osKernel.h:35:32: note: expected 'uint32_t *' {aka 'long unsigned int *'} but argument is of type 'uint32_t **' {aka 'long unsigned int **'}
   35 | void osSemaphoreGive(uint32_t *semaphore);
      |                      ~~~~~~~~~~^~~~~~~~~
../Src/main.c: In function 'main':
../Src/main.c:226:25: warning: passing argument 1 of 'osSemaphoreInit' from incompatible pointer type [-Wincompatible-pointer-types]
  226 |         osSemaphoreInit(&semaphore1,1);
      |                         ^~~~~~~~~~~
      |                         |
      |                         uint32_t ** {aka long unsigned int **}
In file included from ../Src/main.c:7:
../Inc/osKernel.h:34:32: note: expected 'uint32_t *' {aka 'long unsigned int *'} but argument is of type 'uint32_t **' {aka 'long unsigned int **'}
   34 | void osSemaphoreInit(uint32_t *semaphore , uint32_t value);
      |                      ~~~~~~~~~~^~~~~~~~~
../Src/main.c:227:25: warning: passing argument 1 of 'osSemaphoreInit' from incompatible pointer type [-Wincompatible-pointer-types]
  227 |         osSemaphoreInit(&semaphore2,0);
      |                         ^~~~~~~~~~~
      |                         |
      |                         uint32_t ** {aka long unsigned int **}
In file included from ../Src/main.c:7:
../Inc/osKernel.h:34:32: note: expected 'uint32_t *' {aka 'long unsigned int *'} but argument is of type 'uint32_t **' {aka 'long unsigned int **'}
   34 | void osSemaphoreInit(uint32_t *semaphore , uint32_t value);
      |                      ~~~~~~~~~~^~~~~~~~~
arm-none-eabi-gcc -o "MyRTOS.elf" @"objects.list"   -mcpu=cortex-m4 -T"E:\MyRTOSForSTM32F4xx\MyRTOS\STM32F411RETX_FLASH.ld" --specs=nosys.specs -Wl,-Map="MyRTOS.map" -Wl,--gc-sections -static --specs=nano.specs -mfpu=fpv4-sp-d16 -mfloat-abi=hard -mthumb -Wl,--start-group -lc -lm -Wl,--end-group
Finished building target: MyRTOS.elf
 
arm-none-eabi-size   MyRTOS.elf 
arm-none-eabi-objdump -h -S  MyRTOS.elf  > "MyRTOS.list"
   text	   data	    bss	    dec	    hex	filename
   5220	     88	   3536	   8844	   228c	MyRTOS.elf
Finished building: default.size.stdout
 
Finished building: MyRTOS.list
 
21:03:28 **** Clean-only build of configuration Debug for project MyRTOS ****
make -j4 clean 
rm -rf ./Startup/startup_stm32f411retx.d ./Startup/startup_stm32f411retx.o
rm -rf ./Src/CRC.cyclo ./Src/CRC.d ./Src/CRC.o ./Src/CRC.su ./Src/bootloader.cyclo ./Src/bootloader.d ./Src/bootloader.o ./Src/bootloader.su ./Src/gpio.cyclo ./Src/gpio.d ./Src/gpio.o ./Src/gpio.su ./Src/led.cyclo ./Src/led.d ./Src/led.o ./Src/led.su ./Src/main.cyclo ./Src/main.d ./Src/main.o ./Src/main.su ./Src/osKernel.cyclo ./Src/osKernel.d ./Src/osKernel.o ./Src/osKernel.su ./Src/syscalls.cyclo ./Src/syscalls.d ./Src/syscalls.o ./Src/syscalls.su ./Src/sysmem.cyclo ./Src/sysmem.d ./Src/sysmem.o ./Src/sysmem.su ./Src/timebase.cyclo ./Src/timebase.d ./Src/timebase.o ./Src/timebase.su ./Src/timer.cyclo ./Src/timer.d ./Src/timer.o ./Src/timer.su ./Src/usart.cyclo ./Src/usart.d ./Src/usart.o ./Src/usart.su
rm -rf MyRTOS.elf MyRTOS.list MyRTOS.map default.size.stdout
 
21:03:29 **** Build of configuration Debug for project MyRTOS ****
make -j4 all 
arm-none-eabi-gcc -mcpu=cortex-m4 -g3 -DDEBUG -c -x assembler-with-cpp -MMD -MP -MF"Startup/startup_stm32f411retx.d" -MT"Startup/startup_stm32f411retx.o" --specs=nano.specs -mfpu=fpv4-sp-d16 -mfloat-abi=hard -mthumb -o "Startup/startup_stm32f411retx.o" "../Startup/startup_stm32f411retx.s"
arm-none-eabi-gcc "../Src/CRC.c" -mcpu=cortex-m4 -std=gnu11 -g3 -DDEBUG -DSTM32 -DSTM32F4 -DSTM32F411RETx -DSTM32F411xE -c -I../Inc -I"..//chip_headers/CMSIS/Device/ST/STM32F4xx/Include" -I"..//chip_headers/CMSIS/Include" -O0 -ffunction-sections -fdata-sections -Wall -fstack-usage -fcyclomatic-complexity -MMD -MP -MF"Src/CRC.d" -MT"Src/CRC.o" --specs=nano.specs -mfpu=fpv4-sp-d16 -mfloat-abi=hard -mthumb -o "Src/CRC.o"
arm-none-eabi-gcc "../Src/bootloader.c" -mcpu=cortex-m4 -std=gnu11 -g3 -DDEBUG -DSTM32 -DSTM32F4 -DSTM32F411RETx -DSTM32F411xE -c -I../Inc -I"..//chip_headers/CMSIS/Device/ST/STM32F4xx/Include" -I"..//chip_headers/CMSIS/Include" -O0 -ffunction-sections -fdata-sections -Wall -fstack-usage -fcyclomatic-complexity -MMD -MP -MF"Src/bootloader.d" -MT"Src/bootloader.o" --specs=nano.specs -mfpu=fpv4-sp-d16 -mfloat-abi=hard -mthumb -o "Src/bootloader.o"
arm-none-eabi-gcc "../Src/gpio.c" -mcpu=cortex-m4 -std=gnu11 -g3 -DDEBUG -DSTM32 -DSTM32F4 -DSTM32F411RETx -DSTM32F411xE -c -I../Inc -I"..//chip_headers/CMSIS/Device/ST/STM32F4xx/Include" -I"..//chip_headers/CMSIS/Include" -O0 -ffunction-sections -fdata-sections -Wall -fstack-usage -fcyclomatic-complexity -MMD -MP -MF"Src/gpio.d" -MT"Src/gpio.o" --specs=nano.specs -mfpu=fpv4-sp-d16 -mfloat-abi=hard -mthumb -o "Src/gpio.o"
../Src/bootloader.c: In function 'bootloader_uart_read_data':
../Src/bootloader.c:24:17: warning: implicit declaration of function 'memset' [-Wimplicit-function-declaration]
   24 |                 memset(bl_rx_buffer,0,200);
      |                 ^~~~~~
../Src/bootloader.c:3:1: note: include '<string.h>' or provide a declaration of 'memset'
    2 | #include "gpio.h"
  +++ |+#include <string.h>
    3 | #define BL_RX_LEN  200
../Src/bootloader.c:24:17: warning: incompatible implicit declaration of built-in function 'memset' [-Wbuiltin-declaration-mismatch]
   24 |                 memset(bl_rx_buffer,0,200);
      |                 ^~~~~~
../Src/bootloader.c:24:17: note: include '<string.h>' or provide a declaration of 'memset'
../Src/bootloader.c:32:17: warning: implicit declaration of function 'sprintf' [-Wimplicit-function-declaration]
   32 |                 sprintf(payLoad,"BL_DEBUG_MSG:command code received from host:%d %d \r\n" , bl_rx_buffer[0], bl_rx_buffer[2]);
      |                 ^~~~~~~
../Src/bootloader.c:3:1: note: include '<stdio.h>' or provide a declaration of 'sprintf'
    2 | #include "gpio.h"
  +++ |+#include <stdio.h>
    3 | #define BL_RX_LEN  200
../Src/bootloader.c:32:17: warning: incompatible implicit declaration of built-in function 'sprintf' [-Wbuiltin-declaration-mismatch]
   32 |                 sprintf(payLoad,"BL_DEBUG_MSG:command code received from host:%d %d \r\n" , bl_rx_buffer[0], bl_rx_buffer[2]);
      |                 ^~~~~~~
../Src/bootloader.c:32:17: note: include '<stdio.h>' or provide a declaration of 'sprintf'
../Src/bootloader.c:32:25: warning: pointer targets in passing argument 1 of 'sprintf' differ in signedness [-Wpointer-sign]
   32 |                 sprintf(payLoad,"BL_DEBUG_MSG:command code received from host:%d %d \r\n" , bl_rx_buffer[0], bl_rx_buffer[2]);
      |                         ^~~~~~~
      |                         |
      |                         uint8_t * {aka unsigned char *}
../Src/bootloader.c:32:25: note: expected 'char *' but argument is of type 'uint8_t *' {aka 'unsigned char *'}
../Src/bootloader.c:73:25: warning: pointer targets in passing argument 1 of 'sprintf' differ in signedness [-Wpointer-sign]
   73 |                 sprintf(payLoad,"BL_DEBUG_MSG:Invalid command code received from host \r\n");
      |                         ^~~~~~~
      |                         |
      |                         uint8_t * {aka unsigned char *}
../Src/bootloader.c:73:25: note: expected 'char *' but argument is of type 'uint8_t *' {aka 'unsigned char *'}
../Src/bootloader.c: In function 'bootloader_jump_to_user_app':
../Src/bootloader.c:91:5: warning: incompatible implicit declaration of built-in function 'sprintf' [-Wbuiltin-declaration-mismatch]
   91 |     sprintf(payLoad ,"BL_DEBUG_MSG:bootloader_jump_to_user_app\n");
      |     ^~~~~~~
../Src/bootloader.c:91:5: note: include '<stdio.h>' or provide a declaration of 'sprintf'
../Src/bootloader.c:91:13: warning: pointer targets in passing argument 1 of 'sprintf' differ in signedness [-Wpointer-sign]
   91 |     sprintf(payLoad ,"BL_DEBUG_MSG:bootloader_jump_to_user_app\n");
      |             ^~~~~~~
      |             |
      |             uint8_t * {aka unsigned char *}
../Src/bootloader.c:91:13: note: expected 'char *' but argument is of type 'uint8_t *' {aka 'unsigned char *'}
../Src/bootloader.c:96:13: warning: pointer targets in passing argument 1 of 'sprintf' differ in signedness [-Wpointer-sign]
   96 |     sprintf(payLoad,"BL_DEBUG_MSG:MSP value : %#x\n",msp_value);
      |             ^~~~~~~
      |             |
      |             uint8_t * {aka unsigned char *}
../Src/bootloader.c:96:13: note: expected 'char *' but argument is of type 'uint8_t *' {aka 'unsigned char *'}
../Src/bootloader.c:96:49: warning: format '%x' expects argument of type 'unsigned int', but argument 3 has type 'uint32_t' {aka 'long unsigned int'} [-Wformat=]
   96 |     sprintf(payLoad,"BL_DEBUG_MSG:MSP value : %#x\n",msp_value);
      |                                               ~~^    ~~~~~~~~~
      |                                                 |    |
      |                                                 |    uint32_t {aka long unsigned int}
      |                                                 unsigned int
      |                                               %#lx
../Src/bootloader.c:111:13: warning: pointer targets in passing argument 1 of 'sprintf' differ in signedness [-Wpointer-sign]
  111 |     sprintf(payLoad,"BL_DEBUG_MSG: app reset handler addr : %#x\n",app_reset_handler);
      |             ^~~~~~~
      |             |
      |             uint8_t * {aka unsigned char *}
../Src/bootloader.c:111:13: note: expected 'char *' but argument is of type 'uint8_t *' {aka 'unsigned char *'}
../Src/bootloader.c:111:63: warning: format '%x' expects argument of type 'unsigned int', but argument 3 has type 'void (*)(void)' [-Wformat=]
  111 |     sprintf(payLoad,"BL_DEBUG_MSG: app reset handler addr : %#x\n",app_reset_handler);
      |                                                             ~~^    ~~~~~~~~~~~~~~~~~
      |                                                               |    |
      |                                                               |    void (*)(void)
      |                                                               unsigned int
../Src/bootloader.c: In function 'bootloader_handle_getver_cmd':
../Src/bootloader.c:126:5: warning: incompatible implicit declaration of built-in function 'memset' [-Wbuiltin-declaration-mismatch]
  126 |     memset(payLoad,0,100);
      |     ^~~~~~
../Src/bootloader.c:126:5: note: include '<string.h>' or provide a declaration of 'memset'
../Src/bootloader.c:127:7: warning: incompatible implicit declaration of built-in function 'sprintf' [-Wbuiltin-declaration-mismatch]
  127 |       sprintf(payLoad,"BL_DEBUG_MSG:bootloader_handle_getver_cmd\r\n");
      |       ^~~~~~~
../Src/bootloader.c:127:7: note: include '<stdio.h>' or provide a declaration of 'sprintf'
../Src/bootloader.c:127:15: warning: pointer targets in passing argument 1 of 'sprintf' differ in signedness [-Wpointer-sign]
  127 |       sprintf(payLoad,"BL_DEBUG_MSG:bootloader_handle_getver_cmd\r\n");
      |               ^~~~~~~
      |               |
      |               uint8_t * {aka unsigned char *}
../Src/bootloader.c:127:15: note: expected 'char *' but argument is of type 'uint8_t *' {aka 'unsigned char *'}
../Src/bootloader.c:151:17: warning: pointer targets in passing argument 1 of 'sprintf' differ in signedness [-Wpointer-sign]
  151 |         sprintf(payLoad,"BL_DEBUG_MSG:BL_VER : %d %#x \r\n",bl_version,bl_version);
      |                 ^~~~~~~
      |                 |
      |                 uint8_t * {aka unsigned char *}
../Src/bootloader.c:151:17: note: expected 'char *' but argument is of type 'uint8_t *' {aka 'unsigned char *'}
../Src/bootloader.c:130:20: warning: unused variable 'command_packet_len' [-Wunused-variable]
  130 |           uint32_t command_packet_len = bl_rx_buffer[0]+1 ;
      |                    ^~~~~~~~~~~~~~~~~~
../Src/bootloader.c: In function 'bootloader_send_nack':
../Src/bootloader.c:185:26: warning: passing argument 1 of 'usart_send_bytes' makes pointer from integer without a cast [-Wint-conversion]
  185 |         usart_send_bytes(nack,sizeof(nack));
      |                          ^~~~
      |                          |
      |                          uint8_t {aka unsigned char}
In file included from ../Inc/bootloader.h:4,
                 from ../Src/bootloader.c:1:
../Inc/usart.h:7:31: note: expected 'uint8_t *' {aka 'unsigned char *'} but argument is of type 'uint8_t' {aka 'unsigned char'}
    7 | void usart_send_bytes(uint8_t data[],uint8_t byteLength);
      |                       ~~~~~~~~^~~~~~
../Src/bootloader.c: In function 'bootloader_handle_gethelp_cmd':
../Src/bootloader.c:195:9: warning: incompatible implicit declaration of built-in function 'sprintf' [-Wbuiltin-declaration-mismatch]
  195 |         sprintf(payLoad,"BL_DEBUG_MSG:bootloader_handle_gethelp_cmd\n");
      |         ^~~~~~~
../Src/bootloader.c:195:9: note: include '<stdio.h>' or provide a declaration of 'sprintf'
../Src/bootloader.c:195:17: warning: pointer targets in passing argument 1 of 'sprintf' differ in signedness [-Wpointer-sign]
  195 |         sprintf(payLoad,"BL_DEBUG_MSG:bootloader_handle_gethelp_cmd\n");
      |                 ^~~~~~~
      |                 |
      |                 uint8_t * {aka unsigned char *}
../Src/bootloader.c:195:17: note: expected 'char *' but argument is of type 'uint8_t *' {aka 'unsigned char *'}
../Src/bootloader.c:198:18: warning: unused variable 'command_packet_len' [-Wunused-variable]
  198 |         uint32_t command_packet_len = bl_rx_buffer[0]+1 ;
      |                  ^~~~~~~~~~~~~~~~~~
../Src/bootloader.c: In function 'bootloader_handle_getcid_cmd':
../Src/bootloader.c:226:5: warning: incompatible implicit declaration of built-in function 'sprintf' [-Wbuiltin-declaration-mismatch]
  226 |     sprintf(payLoad,"BL_DEBUG_MSG:bootloader_handle_getcid_cmd\n");
      |     ^~~~~~~
../Src/bootloader.c:226:5: note: include '<stdio.h>' or provide a declaration of 'sprintf'
../Src/bootloader.c:226:13: warning: pointer targets in passing argument 1 of 'sprintf' differ in signedness [-Wpointer-sign]
  226 |     sprintf(payLoad,"BL_DEBUG_MSG:bootloader_handle_getcid_cmd\n");
      |             ^~~~~~~
      |             |
      |             uint8_t * {aka unsigned char *}
../Src/bootloader.c:226:13: note: expected 'char *' but argument is of type 'uint8_t *' {aka 'unsigned char *'}
../Src/bootloader.c:242:21: warning: pointer targets in passing argument 1 of 'sprintf' differ in signedness [-Wpointer-sign]
  242 |             sprintf(payLoad,"BL_DEBUG_MSG:MCU id : %d %#x !!\n",bl_cid_num, bl_cid_num);
      |                     ^~~~~~~
      |                     |
      |                     uint8_t * {aka unsigned char *}
../Src/bootloader.c:242:21: note: expected 'char *' but argument is of type 'uint8_t *' {aka 'unsigned char *'}
../Src/bootloader.c:230:18: warning: unused variable 'command_packet_len' [-Wunused-variable]
  230 |         uint32_t command_packet_len = bl_rx_buffer[0]+1 ;
      |                  ^~~~~~~~~~~~~~~~~~
../Src/bootloader.c: In function 'bootloader_handle_getrdp_cmd':
../Src/bootloader.c:260:5: warning: incompatible implicit declaration of built-in function 'sprintf' [-Wbuiltin-declaration-mismatch]
  260 |     sprintf(payLoad,"BL_DEBUG_MSG:bootloader_handle_getrdp_cmd\n");
      |     ^~~~~~~
../Src/bootloader.c:260:5: note: include '<stdio.h>' or provide a declaration of 'sprintf'
../Src/bootloader.c:260:13: warning: pointer targets in passing argument 1 of 'sprintf' differ in signedness [-Wpointer-sign]
  260 |     sprintf(payLoad,"BL_DEBUG_MSG:bootloader_handle_getrdp_cmd\n");
      |             ^~~~~~~
      |             |
      |             uint8_t * {aka unsigned char *}
../Src/bootloader.c:260:13: note: expected 'char *' but argument is of type 'uint8_t *' {aka 'unsigned char *'}
../Src/bootloader.c:276:21: warning: pointer targets in passing argument 1 of 'sprintf' differ in signedness [-Wpointer-sign]
  276 |             sprintf(payLoad,"BL_DEBUG_MSG:RDP level: %d %#x\n",rdp_level,rdp_level);
      |                     ^~~~~~~
      |                     |
      |                     uint8_t * {aka unsigned char *}
../Src/bootloader.c:276:21: note: expected 'char *' but argument is of type 'uint8_t *' {aka 'unsigned char *'}
../Src/bootloader.c:264:18: warning: unused variable 'command_packet_len' [-Wunused-variable]
  264 |         uint32_t command_packet_len = bl_rx_buffer[0]+1 ;
      |                  ^~~~~~~~~~~~~~~~~~
../Src/bootloader.c: In function 'bootloader_handle_go_cmd':
../Src/bootloader.c:298:5: warning: incompatible implicit declaration of built-in function 'sprintf' [-Wbuiltin-declaration-mismatch]
  298 |     sprintf(payLoad,"BL_DEBUG_MSG:bootloader_handle_go_cmd\n");
      |     ^~~~~~~
../Src/bootloader.c:298:5: note: include '<stdio.h>' or provide a declaration of 'sprintf'
../Src/bootloader.c:298:13: warning: pointer targets in passing argument 1 of 'sprintf' differ in signedness [-Wpointer-sign]
  298 |     sprintf(payLoad,"BL_DEBUG_MSG:bootloader_handle_go_cmd\n");
      |             ^~~~~~~
      |             |
      |             uint8_t * {aka unsigned char *}
../Src/bootloader.c:298:13: note: expected 'char *' but argument is of type 'uint8_t *' {aka 'unsigned char *'}
../Src/bootloader.c:316:21: warning: pointer targets in passing argument 1 of 'sprintf' differ in signedness [-Wpointer-sign]
  316 |             sprintf(payLoad,"BL_DEBUG_MSG:GO addr: %#x\n",go_address);
      |                     ^~~~~~~
      |                     |
      |                     uint8_t * {aka unsigned char *}
../Src/bootloader.c:316:21: note: expected 'char *' but argument is of type 'uint8_t *' {aka 'unsigned char *'}
../Src/bootloader.c:316:54: warning: format '%x' expects argument of type 'unsigned int', but argument 3 has type 'uint32_t' {aka 'long unsigned int'} [-Wformat=]
  316 |             sprintf(payLoad,"BL_DEBUG_MSG:GO addr: %#x\n",go_address);
      |                                                    ~~^    ~~~~~~~~~~
      |                                                      |    |
      |                                                      |    uint32_t {aka long unsigned int}
      |                                                      unsigned int
      |                                                    %#lx
../Src/bootloader.c:334:21: warning: pointer targets in passing argument 1 of 'sprintf' differ in signedness [-Wpointer-sign]
  334 |             sprintf(payLoad,"BL_DEBUG_MSG: jumping to go address! \n");
      |                     ^~~~~~~
      |                     |
      |                     uint8_t * {aka unsigned char *}
../Src/bootloader.c:334:21: note: expected 'char *' but argument is of type 'uint8_t *' {aka 'unsigned char *'}
../Src/bootloader.c:340:21: warning: pointer targets in passing argument 1 of 'sprintf' differ in signedness [-Wpointer-sign]
  340 |             sprintf(payLoad,"BL_DEBUG_MSG:GO addr invalid ! \n");
      |                     ^~~~~~~
      |                     |
      |                     uint8_t * {aka unsigned char *}
../Src/bootloader.c:340:21: note: expected 'char *' but argument is of type 'uint8_t *' {aka 'unsigned char *'}
../Src/bootloader.c:302:18: warning: unused variable 'command_packet_len' [-Wunused-variable]
  302 |         uint32_t command_packet_len = bl_rx_buffer[0]+1 ;
      |                  ^~~~~~~~~~~~~~~~~~
arm-none-eabi-gcc "../Src/led.c" -mcpu=cortex-m4 -std=gnu11 -g3 -DDEBUG -DSTM32 -DSTM32F4 -DSTM32F411RETx -DSTM32F411xE -c -I../Inc -I"..//chip_headers/CMSIS/Device/ST/STM32F4xx/Include" -I"..//chip_headers/CMSIS/Include" -O0 -ffunction-sections -fdata-sections -Wall -fstack-usage -fcyclomatic-complexity -MMD -MP -MF"Src/led.d" -MT"Src/led.o" --specs=nano.specs -mfpu=fpv4-sp-d16 -mfloat-abi=hard -mthumb -o "Src/led.o"
arm-none-eabi-gcc "../Src/main.c" -mcpu=cortex-m4 -std=gnu11 -g3 -DDEBUG -DSTM32 -DSTM32F4 -DSTM32F411RETx -DSTM32F411xE -c -I../Inc -I"..//chip_headers/CMSIS/Device/ST/STM32F4xx/Include" -I"..//chip_headers/CMSIS/Include" -O0 -ffunction-sections -fdata-sections -Wall -fstack-usage -fcyclomatic-complexity -MMD -MP -MF"Src/main.d" -MT"Src/main.o" --specs=nano.specs -mfpu=fpv4-sp-d16 -mfloat-abi=hard -mthumb -o "Src/main.o"
../Src/main.c: In function 'task0':
../Src/main.c:176:33: warning: passing argument 1 of 'osSemaphoreWait' from incompatible pointer type [-Wincompatible-pointer-types]
  176 |                 osSemaphoreWait(&semaphore1);
      |                                 ^~~~~~~~~~~
      |                                 |
      |                                 uint32_t ** {aka long unsigned int **}
In file included from ../Src/main.c:7:
../Inc/osKernel.h:36:32: note: expected 'uint32_t *' {aka 'long unsigned int *'} but argument is of type 'uint32_t **' {aka 'long unsigned int **'}
   36 | void osSemaphoreWait(uint32_t *semaphore);
      |                      ~~~~~~~~~~^~~~~~~~~
../Src/main.c:178:33: warning: passing argument 1 of 'osSemaphoreGive' from incompatible pointer type [-Wincompatible-pointer-types]
  178 |                 osSemaphoreGive(&semaphore2);
      |                                 ^~~~~~~~~~~
      |                                 |
      |                                 uint32_t ** {aka long unsigned int **}
In file included from ../Src/main.c:7:
../Inc/osKernel.h:35:32: note: expected 'uint32_t *' {aka 'long unsigned int *'} but argument is of type 'uint32_t **' {aka 'long unsigned int **'}
   35 | void osSemaphoreGive(uint32_t *semaphore);
      |                      ~~~~~~~~~~^~~~~~~~~
../Src/main.c: In function 'task1':
../Src/main.c:188:33: warning: passing argument 1 of 'osSemaphoreWait' from incompatible pointer type [-Wincompatible-pointer-types]
  188 |                 osSemaphoreWait(&semaphore2);
      |                                 ^~~~~~~~~~~
      |                                 |
      |                                 uint32_t ** {aka long unsigned int **}
In file included from ../Src/main.c:7:
../Inc/osKernel.h:36:32: note: expected 'uint32_t *' {aka 'long unsigned int *'} but argument is of type 'uint32_t **' {aka 'long unsigned int **'}
   36 | void osSemaphoreWait(uint32_t *semaphore);
      |                      ~~~~~~~~~~^~~~~~~~~
../Src/main.c:190:33: warning: passing argument 1 of 'osSemaphoreGive' from incompatible pointer type [-Wincompatible-pointer-types]
  190 |                 osSemaphoreGive(&semaphore1);
      |                                 ^~~~~~~~~~~
      |                                 |
      |                                 uint32_t ** {aka long unsigned int **}
In file included from ../Src/main.c:7:
../Inc/osKernel.h:35:32: note: expected 'uint32_t *' {aka 'long unsigned int *'} but argument is of type 'uint32_t **' {aka 'long unsigned int **'}
   35 | void osSemaphoreGive(uint32_t *semaphore);
      |                      ~~~~~~~~~~^~~~~~~~~
../Src/main.c: In function 'main':
../Src/main.c:226:25: warning: passing argument 1 of 'osSemaphoreInit' from incompatible pointer type [-Wincompatible-pointer-types]
  226 |         osSemaphoreInit(&semaphore1,1);
      |                         ^~~~~~~~~~~
      |                         |
      |                         uint32_t ** {aka long unsigned int **}
In file included from ../Src/main.c:7:
../Inc/osKernel.h:34:32: note: expected 'uint32_t *' {aka 'long unsigned int *'} but argument is of type 'uint32_t **' {aka 'long unsigned int **'}
   34 | void osSemaphoreInit(uint32_t *semaphore , uint32_t value);
      |                      ~~~~~~~~~~^~~~~~~~~
../Src/main.c:227:25: warning: passing argument 1 of 'osSemaphoreInit' from incompatible pointer type [-Wincompatible-pointer-types]
  227 |         osSemaphoreInit(&semaphore2,0);
      |                         ^~~~~~~~~~~
      |                         |
      |                         uint32_t ** {aka long unsigned int **}
In file included from ../Src/main.c:7:
../Inc/osKernel.h:34:32: note: expected 'uint32_t *' {aka 'long unsigned int *'} but argument is of type 'uint32_t **' {aka 'long unsigned int **'}
   34 | void osSemaphoreInit(uint32_t *semaphore , uint32_t value);
      |                      ~~~~~~~~~~^~~~~~~~~
arm-none-eabi-gcc "../Src/osKernel.c" -mcpu=cortex-m4 -std=gnu11 -g3 -DDEBUG -DSTM32 -DSTM32F4 -DSTM32F411RETx -DSTM32F411xE -c -I../Inc -I"..//chip_headers/CMSIS/Device/ST/STM32F4xx/Include" -I"..//chip_headers/CMSIS/Include" -O0 -ffunction-sections -fdata-sections -Wall -fstack-usage -fcyclomatic-complexity -MMD -MP -MF"Src/osKernel.d" -MT"Src/osKernel.o" --specs=nano.specs -mfpu=fpv4-sp-d16 -mfloat-abi=hard -mthumb -o "Src/osKernel.o"
arm-none-eabi-gcc "../Src/syscalls.c" -mcpu=cortex-m4 -std=gnu11 -g3 -DDEBUG -DSTM32 -DSTM32F4 -DSTM32F411RETx -DSTM32F411xE -c -I../Inc -I"..//chip_headers/CMSIS/Device/ST/STM32F4xx/Include" -I"..//chip_headers/CMSIS/Include" -O0 -ffunction-sections -fdata-sections -Wall -fstack-usage -fcyclomatic-complexity -MMD -MP -MF"Src/syscalls.d" -MT"Src/syscalls.o" --specs=nano.specs -mfpu=fpv4-sp-d16 -mfloat-abi=hard -mthumb -o "Src/syscalls.o"
../Src/osKernel.c: In function 'osKernelAddThreads':
../Src/osKernel.c:47:18: warning: assignment to 'struct tcb *' from incompatible pointer type 'uint32_t **' {aka 'long unsigned int **'} [-Wincompatible-pointer-types]
   47 |   tcbs[0].nextPt = &tcbs[1].stackPt;
      |                  ^
../Src/osKernel.c:48:18: warning: assignment to 'struct tcb *' from incompatible pointer type 'uint32_t **' {aka 'long unsigned int **'} [-Wincompatible-pointer-types]
   48 |   tcbs[1].nextPt = &tcbs[2].stackPt;
      |                  ^
../Src/osKernel.c:49:18: warning: assignment to 'struct tcb *' from incompatible pointer type 'uint32_t **' {aka 'long unsigned int **'} [-Wincompatible-pointer-types]
   49 |   tcbs[2].nextPt = &tcbs[0].stackPt;
      |                  ^
arm-none-eabi-gcc "../Src/sysmem.c" -mcpu=cortex-m4 -std=gnu11 -g3 -DDEBUG -DSTM32 -DSTM32F4 -DSTM32F411RETx -DSTM32F411xE -c -I../Inc -I"..//chip_headers/CMSIS/Device/ST/STM32F4xx/Include" -I"..//chip_headers/CMSIS/Include" -O0 -ffunction-sections -fdata-sections -Wall -fstack-usage -fcyclomatic-complexity -MMD -MP -MF"Src/sysmem.d" -MT"Src/sysmem.o" --specs=nano.specs -mfpu=fpv4-sp-d16 -mfloat-abi=hard -mthumb -o "Src/sysmem.o"
arm-none-eabi-gcc "../Src/timebase.c" -mcpu=cortex-m4 -std=gnu11 -g3 -DDEBUG -DSTM32 -DSTM32F4 -DSTM32F411RETx -DSTM32F411xE -c -I../Inc -I"..//chip_headers/CMSIS/Device/ST/STM32F4xx/Include" -I"..//chip_headers/CMSIS/Include" -O0 -ffunction-sections -fdata-sections -Wall -fstack-usage -fcyclomatic-complexity -MMD -MP -MF"Src/timebase.d" -MT"Src/timebase.o" --specs=nano.specs -mfpu=fpv4-sp-d16 -mfloat-abi=hard -mthumb -o "Src/timebase.o"
arm-none-eabi-gcc "../Src/timer.c" -mcpu=cortex-m4 -std=gnu11 -g3 -DDEBUG -DSTM32 -DSTM32F4 -DSTM32F411RETx -DSTM32F411xE -c -I../Inc -I"..//chip_headers/CMSIS/Device/ST/STM32F4xx/Include" -I"..//chip_headers/CMSIS/Include" -O0 -ffunction-sections -fdata-sections -Wall -fstack-usage -fcyclomatic-complexity -MMD -MP -MF"Src/timer.d" -MT"Src/timer.o" --specs=nano.specs -mfpu=fpv4-sp-d16 -mfloat-abi=hard -mthumb -o "Src/timer.o"
arm-none-eabi-gcc "../Src/usart.c" -mcpu=cortex-m4 -std=gnu11 -g3 -DDEBUG -DSTM32 -DSTM32F4 -DSTM32F411RETx -DSTM32F411xE -c -I../Inc -I"..//chip_headers/CMSIS/Device/ST/STM32F4xx/Include" -I"..//chip_headers/CMSIS/Include" -O0 -ffunction-sections -fdata-sections -Wall -fstack-usage -fcyclomatic-complexity -MMD -MP -MF"Src/usart.d" -MT"Src/usart.o" --specs=nano.specs -mfpu=fpv4-sp-d16 -mfloat-abi=hard -mthumb -o "Src/usart.o"
../Src/usart.c: In function 'print':
../Src/usart.c:86:9: warning: implicit declaration of function 'memset' [-Wimplicit-function-declaration]
   86 |         memset(payLoad,0,100);
      |         ^~~~~~
../Src/usart.c:2:1: note: include '<string.h>' or provide a declaration of 'memset'
    1 | #include "usart.h"
  +++ |+#include <string.h>
    2 | 
../Src/usart.c:86:9: warning: incompatible implicit declaration of built-in function 'memset' [-Wbuiltin-declaration-mismatch]
   86 |         memset(payLoad,0,100);
      |         ^~~~~~
../Src/usart.c:86:9: note: include '<string.h>' or provide a declaration of 'memset'
../Src/usart.c:87:9: warning: implicit declaration of function 'sprintf' [-Wimplicit-function-declaration]
   87 |         sprintf(payLoad,buffer);
      |         ^~~~~~~
../Src/usart.c:2:1: note: include '<stdio.h>' or provide a declaration of 'sprintf'
    1 | #include "usart.h"
  +++ |+#include <stdio.h>
    2 | 
../Src/usart.c:87:9: warning: incompatible implicit declaration of built-in function 'sprintf' [-Wbuiltin-declaration-mismatch]
   87 |         sprintf(payLoad,buffer);
      |         ^~~~~~~
../Src/usart.c:87:9: note: include '<stdio.h>' or provide a declaration of 'sprintf'
../Src/usart.c:87:17: warning: pointer targets in passing argument 1 of 'sprintf' differ in signedness [-Wpointer-sign]
   87 |         sprintf(payLoad,buffer);
      |                 ^~~~~~~
      |                 |
      |                 uint8_t * {aka unsigned char *}
../Src/usart.c:87:17: note: expected 'char *' but argument is of type 'uint8_t *' {aka 'unsigned char *'}
arm-none-eabi-gcc -o "MyRTOS.elf" @"objects.list"   -mcpu=cortex-m4 -T"E:\MyRTOSForSTM32F4xx\MyRTOS\STM32F411RETX_FLASH.ld" --specs=nosys.specs -Wl,-Map="MyRTOS.map" -Wl,--gc-sections -static --specs=nano.specs -mfpu=fpv4-sp-d16 -mfloat-abi=hard -mthumb -Wl,--start-group -lc -lm -Wl,--end-group
Finished building target: MyRTOS.elf
 
arm-none-eabi-size   MyRTOS.elf 
arm-none-eabi-objdump -h -S  MyRTOS.elf  > "MyRTOS.list"
   text	   data	    bss	    dec	    hex	filename
   5220	     88	   3536	   8844	   228c	MyRTOS.elf
Finished building: default.size.stdout
 
Finished building: MyRTOS.list
 
21:03:47 **** Incremental Build of configuration Debug for project MyRTOS ****
make -j4 all 
arm-none-eabi-gcc "../Src/main.c" -mcpu=cortex-m4 -std=gnu11 -g3 -DDEBUG -DSTM32 -DSTM32F4 -DSTM32F411RETx -DSTM32F411xE -c -I../Inc -I"..//chip_headers/CMSIS/Device/ST/STM32F4xx/Include" -I"..//chip_headers/CMSIS/Include" -O0 -ffunction-sections -fdata-sections -Wall -fstack-usage -fcyclomatic-complexity -MMD -MP -MF"Src/main.d" -MT"Src/main.o" --specs=nano.specs -mfpu=fpv4-sp-d16 -mfloat-abi=hard -mthumb -o "Src/main.o"
../Src/main.c: In function 'task0':
../Src/main.c:176:33: warning: passing argument 1 of 'osSemaphoreWait' from incompatible pointer type [-Wincompatible-pointer-types]
  176 |                 osSemaphoreWait(&semaphore1);
      |                                 ^~~~~~~~~~~
      |                                 |
      |                                 uint32_t ** {aka long unsigned int **}
In file included from ../Src/main.c:7:
../Inc/osKernel.h:36:32: note: expected 'uint32_t *' {aka 'long unsigned int *'} but argument is of type 'uint32_t **' {aka 'long unsigned int **'}
   36 | void osSemaphoreWait(uint32_t *semaphore);
      |                      ~~~~~~~~~~^~~~~~~~~
../Src/main.c:178:33: warning: passing argument 1 of 'osSemaphoreGive' from incompatible pointer type [-Wincompatible-pointer-types]
  178 |                 osSemaphoreGive(&semaphore2);
      |                                 ^~~~~~~~~~~
      |                                 |
      |                                 uint32_t ** {aka long unsigned int **}
In file included from ../Src/main.c:7:
../Inc/osKernel.h:35:32: note: expected 'uint32_t *' {aka 'long unsigned int *'} but argument is of type 'uint32_t **' {aka 'long unsigned int **'}
   35 | void osSemaphoreGive(uint32_t *semaphore);
      |                      ~~~~~~~~~~^~~~~~~~~
../Src/main.c: In function 'task1':
../Src/main.c:188:33: warning: passing argument 1 of 'osSemaphoreWait' from incompatible pointer type [-Wincompatible-pointer-types]
  188 |                 osSemaphoreWait(&semaphore2);
      |                                 ^~~~~~~~~~~
      |                                 |
      |                                 uint32_t ** {aka long unsigned int **}
In file included from ../Src/main.c:7:
../Inc/osKernel.h:36:32: note: expected 'uint32_t *' {aka 'long unsigned int *'} but argument is of type 'uint32_t **' {aka 'long unsigned int **'}
   36 | void osSemaphoreWait(uint32_t *semaphore);
      |                      ~~~~~~~~~~^~~~~~~~~
../Src/main.c:190:33: warning: passing argument 1 of 'osSemaphoreGive' from incompatible pointer type [-Wincompatible-pointer-types]
  190 |                 osSemaphoreGive(&semaphore1);
      |                                 ^~~~~~~~~~~
      |                                 |
      |                                 uint32_t ** {aka long unsigned int **}
In file included from ../Src/main.c:7:
../Inc/osKernel.h:35:32: note: expected 'uint32_t *' {aka 'long unsigned int *'} but argument is of type 'uint32_t **' {aka 'long unsigned int **'}
   35 | void osSemaphoreGive(uint32_t *semaphore);
      |                      ~~~~~~~~~~^~~~~~~~~
../Src/main.c: In function 'main':
../Src/main.c:226:25: warning: passing argument 1 of 'osSemaphoreInit' from incompatible pointer type [-Wincompatible-pointer-types]
  226 |         osSemaphoreInit(&semaphore1,1);
      |                         ^~~~~~~~~~~
      |                         |
      |                         uint32_t ** {aka long unsigned int **}
In file included from ../Src/main.c:7:
../Inc/osKernel.h:34:32: note: expected 'uint32_t *' {aka 'long unsigned int *'} but argument is of type 'uint32_t **' {aka 'long unsigned int **'}
   34 | void osSemaphoreInit(uint32_t *semaphore , uint32_t value);
      |                      ~~~~~~~~~~^~~~~~~~~
../Src/main.c:227:25: warning: passing argument 1 of 'osSemaphoreInit' from incompatible pointer type [-Wincompatible-pointer-types]
  227 |         osSemaphoreInit(&semaphore2,0);
      |                         ^~~~~~~~~~~
      |                         |
      |                         uint32_t ** {aka long unsigned int **}
In file included from ../Src/main.c:7:
../Inc/osKernel.h:34:32: note: expected 'uint32_t *' {aka 'long unsigned int *'} but argument is of type 'uint32_t **' {aka 'long unsigned int **'}
   34 | void osSemaphoreInit(uint32_t *semaphore , uint32_t value);
      |                      ~~~~~~~~~~^~~~~~~~~
arm-none-eabi-gcc -o "MyRTOS.elf" @"objects.list"   -mcpu=cortex-m4 -T"E:\MyRTOSForSTM32F4xx\MyRTOS\STM32F411RETX_FLASH.ld" --specs=nosys.specs -Wl,-Map="MyRTOS.map" -Wl,--gc-sections -static --specs=nano.specs -mfpu=fpv4-sp-d16 -mfloat-abi=hard -mthumb -Wl,--start-group -lc -lm -Wl,--end-group
Finished building target: MyRTOS.elf
 
arm-none-eabi-size   MyRTOS.elf 
arm-none-eabi-objdump -h -S  MyRTOS.elf  > "MyRTOS.list"
   text	   data	    bss	    dec	    hex	filename
   5220	     88	   3536	   8844	   228c	MyRTOS.elf
Finished building: default.size.stdout
 
Finished building: MyRTOS.list
 
21:04:53 **** Incremental Build of configuration Debug for project MyRTOS ****
make -j4 all 
arm-none-eabi-size   MyRTOS.elf 
   text	   data	    bss	    dec	    hex	filename
   5220	     88	   3536	   8844	   228c	MyRTOS.elf
Finished building: default.size.stdout
 
21:05:46 **** Incremental Build of configuration Debug for project MyRTOS ****
make -j4 all 
arm-none-eabi-size   MyRTOS.elf 
   text	   data	    bss	    dec	    hex	filename
   5220	     88	   3536	   8844	   228c	MyRTOS.elf
Finished building: default.size.stdout
 
15:06:17 **** Incremental Build of configuration Debug for project MyRTOS ****
make -j4 all 
arm-none-eabi-gcc "../Src/CRC.c" -mcpu=cortex-m4 -std=gnu11 -g3 -DDEBUG -DSTM32 -DSTM32F4 -DSTM32F411RETx -DSTM32F411xE -c -I../Inc -I"..//chip_headers/CMSIS/Device/ST/STM32F4xx/Include" -I"..//chip_headers/CMSIS/Include" -O0 -ffunction-sections -fdata-sections -Wall -fstack-usage -fcyclomatic-complexity -MMD -MP -MF"Src/CRC.d" -MT"Src/CRC.o" --specs=nano.specs -mfpu=fpv4-sp-d16 -mfloat-abi=hard -mthumb -o "Src/CRC.o"
arm-none-eabi-gcc "../Src/SporadicScheduler.c" -mcpu=cortex-m4 -std=gnu11 -g3 -DDEBUG -DSTM32 -DSTM32F4 -DSTM32F411RETx -DSTM32F411xE -c -I../Inc -I"..//chip_headers/CMSIS/Device/ST/STM32F4xx/Include" -I"..//chip_headers/CMSIS/Include" -O0 -ffunction-sections -fdata-sections -Wall -fstack-usage -fcyclomatic-complexity -MMD -MP -MF"Src/SporadicScheduler.d" -MT"Src/SporadicScheduler.o" --specs=nano.specs -mfpu=fpv4-sp-d16 -mfloat-abi=hard -mthumb -o "Src/SporadicScheduler.o"
arm-none-eabi-gcc "../Src/bootloader.c" -mcpu=cortex-m4 -std=gnu11 -g3 -DDEBUG -DSTM32 -DSTM32F4 -DSTM32F411RETx -DSTM32F411xE -c -I../Inc -I"..//chip_headers/CMSIS/Device/ST/STM32F4xx/Include" -I"..//chip_headers/CMSIS/Include" -O0 -ffunction-sections -fdata-sections -Wall -fstack-usage -fcyclomatic-complexity -MMD -MP -MF"Src/bootloader.d" -MT"Src/bootloader.o" --specs=nano.specs -mfpu=fpv4-sp-d16 -mfloat-abi=hard -mthumb -o "Src/bootloader.o"
arm-none-eabi-gcc "../Src/gpio.c" -mcpu=cortex-m4 -std=gnu11 -g3 -DDEBUG -DSTM32 -DSTM32F4 -DSTM32F411RETx -DSTM32F411xE -c -I../Inc -I"..//chip_headers/CMSIS/Device/ST/STM32F4xx/Include" -I"..//chip_headers/CMSIS/Include" -O0 -ffunction-sections -fdata-sections -Wall -fstack-usage -fcyclomatic-complexity -MMD -MP -MF"Src/gpio.d" -MT"Src/gpio.o" --specs=nano.specs -mfpu=fpv4-sp-d16 -mfloat-abi=hard -mthumb -o "Src/gpio.o"
../Src/SporadicScheduler.c: In function 'BSPEdgeTriggerInit':
../Src/SporadicScheduler.c:6:3: warning: implicit declaration of function '__disable_irq' [-Wimplicit-function-declaration]
    6 |   __disable_irq();
      |   ^~~~~~~~~~~~~
../Src/SporadicScheduler.c:7:3: error: 'RCC' undeclared (first use in this function)
    7 |   RCC->AHB1ENR |=4;         //Enable clock to port c
      |   ^~~
../Src/SporadicScheduler.c:7:3: note: each undeclared identifier is reported only once for each function it appears in
../Src/SporadicScheduler.c:9:3: error: 'GPIOC' undeclared (first use in this function)
    9 |   GPIOC->MODER &= ~0x0C000000; //setting the pin in Input mode
      |   ^~~~~
../Src/SporadicScheduler.c:11:3: error: 'SYSCFG' undeclared (first use in this function)
   11 |   SYSCFG->EXTICR[3] &= ~0x00F0; //clear port selection for EXTI13
      |   ^~~~~~
../Src/SporadicScheduler.c:13:3: error: 'EXTI' undeclared (first use in this function)
   13 |   EXTI->IMR |= 0x2000;   //unmask EXTI13
      |   ^~~~
../Src/SporadicScheduler.c:15:3: warning: implicit declaration of function 'NVIC_EnableIRQ' [-Wimplicit-function-declaration]
   15 |   NVIC_EnableIRQ(EXTI15_10_IRQn);
      |   ^~~~~~~~~~~~~~
../Src/SporadicScheduler.c:15:18: error: 'EXTI15_10_IRQn' undeclared (first use in this function)
   15 |   NVIC_EnableIRQ(EXTI15_10_IRQn);
      |                  ^~~~~~~~~~~~~~
../Src/SporadicScheduler.c:16:3: warning: implicit declaration of function '__enable_irq' [-Wimplicit-function-declaration]
   16 |   __enable_irq();
      |   ^~~~~~~~~~~~
../Src/SporadicScheduler.c: At top level:
../Src/SporadicScheduler.c:18:1: error: unknown type name 'int32_t'
   18 | int32_t *edgeSemaphore;
      | ^~~~~~~
../Src/SporadicScheduler.c:1:1: note: 'int32_t' is defined in header '<stdint.h>'; did you forget to '#include <stdint.h>'?
  +++ |+#include <stdint.h>
    1 | //using edge detection for Sporadic task
../Src/SporadicScheduler.c:19:24: error: unknown type name 'int32_t'
   19 | void osEdgeTriggerInit(int32_t *semaphore)
      |                        ^~~~~~~
../Src/SporadicScheduler.c:19:24: note: 'int32_t' is defined in header '<stdint.h>'; did you forget to '#include <stdint.h>'?
../Src/SporadicScheduler.c: In function 'EXTI15_10_IRQHandler':
../Src/SporadicScheduler.c:26:3: warning: implicit declaration of function 'osSemphoreSet' [-Wimplicit-function-declaration]
   26 |   osSemphoreSet(&edgeSem);
      |   ^~~~~~~~~~~~~
../Src/SporadicScheduler.c:26:18: error: 'edgeSem' undeclared (first use in this function)
   26 |   osSemphoreSet(&edgeSem);
      |                  ^~~~~~~
../Src/SporadicScheduler.c:27:3: error: 'EXTI' undeclared (first use in this function)
   27 |   EXTI->PR |=0x2000;
      |   ^~~~
../Src/SporadicScheduler.c: At top level:
../Src/SporadicScheduler.c:30:1: error: unknown type name 'uint32_t'
   30 | uint32_t sporadicSchedulerCounter;
      | ^~~~~~~~
../Src/SporadicScheduler.c:30:1: note: 'uint32_t' is defined in header '<stdint.h>'; did you forget to '#include <stdint.h>'?
../Src/SporadicScheduler.c: In function 'sporadicTask':
../Src/SporadicScheduler.c:35:5: warning: implicit declaration of function 'osSemphoreWait' [-Wimplicit-function-declaration]
   35 |     osSemphoreWait(&edgeSem);
      |     ^~~~~~~~~~~~~~
../Src/SporadicScheduler.c:35:21: error: 'edgeSem' undeclared (first use in this function)
   35 |     osSemphoreWait(&edgeSem);
      |                     ^~~~~~~
../Src/SporadicScheduler.c: In function 'NormalTask1':
../Src/SporadicScheduler.c:45:5: warning: implicit declaration of function 'led_toggle' [-Wimplicit-function-declaration]
   45 |     led_toggle();
      |     ^~~~~~~~~~
make: *** [Src/subdir.mk:52: Src/SporadicScheduler.o] Error 1
make: *** Waiting for unfinished jobs....
../Src/bootloader.c: In function 'bootloader_uart_read_data':
../Src/bootloader.c:24:17: warning: implicit declaration of function 'memset' [-Wimplicit-function-declaration]
   24 |                 memset(bl_rx_buffer,0,200);
      |                 ^~~~~~
../Src/bootloader.c:3:1: note: include '<string.h>' or provide a declaration of 'memset'
    2 | #include "gpio.h"
  +++ |+#include <string.h>
    3 | #define BL_RX_LEN  200
../Src/bootloader.c:24:17: warning: incompatible implicit declaration of built-in function 'memset' [-Wbuiltin-declaration-mismatch]
   24 |                 memset(bl_rx_buffer,0,200);
      |                 ^~~~~~
../Src/bootloader.c:24:17: note: include '<string.h>' or provide a declaration of 'memset'
../Src/bootloader.c:32:17: warning: implicit declaration of function 'sprintf' [-Wimplicit-function-declaration]
   32 |                 sprintf(payLoad,"BL_DEBUG_MSG:command code received from host:%d %d \r\n" , bl_rx_buffer[0], bl_rx_buffer[2]);
      |                 ^~~~~~~
../Src/bootloader.c:3:1: note: include '<stdio.h>' or provide a declaration of 'sprintf'
    2 | #include "gpio.h"
  +++ |+#include <stdio.h>
    3 | #define BL_RX_LEN  200
../Src/bootloader.c:32:17: warning: incompatible implicit declaration of built-in function 'sprintf' [-Wbuiltin-declaration-mismatch]
   32 |                 sprintf(payLoad,"BL_DEBUG_MSG:command code received from host:%d %d \r\n" , bl_rx_buffer[0], bl_rx_buffer[2]);
      |                 ^~~~~~~
../Src/bootloader.c:32:17: note: include '<stdio.h>' or provide a declaration of 'sprintf'
../Src/bootloader.c:32:25: warning: pointer targets in passing argument 1 of 'sprintf' differ in signedness [-Wpointer-sign]
   32 |                 sprintf(payLoad,"BL_DEBUG_MSG:command code received from host:%d %d \r\n" , bl_rx_buffer[0], bl_rx_buffer[2]);
      |                         ^~~~~~~
      |                         |
      |                         uint8_t * {aka unsigned char *}
../Src/bootloader.c:32:25: note: expected 'char *' but argument is of type 'uint8_t *' {aka 'unsigned char *'}
[...]
../Src/osKernel.c:42:18: warning: assignment to 'struct tcb *' from incompatible pointer type 'uint32_t **' {aka 'long unsigned int **'} [-Wincompatible-pointer-types]
   42 |   tcbs[0].nextPt = &tcbs[1].stackPt;
      |                  ^
../Src/osKernel.c:43:18: warning: assignment to 'struct tcb *' from incompatible pointer type 'uint32_t **' {aka 'long unsigned int **'} [-Wincompatible-pointer-types]
   43 |   tcbs[1].nextPt = &tcbs[2].stackPt;
      |                  ^
../Src/osKernel.c:44:18: warning: assignment to 'struct tcb *' from incompatible pointer type 'uint32_t **' {aka 'long unsigned int **'} [-Wincompatible-pointer-types]
   44 |   tcbs[2].nextPt = &tcbs[0].stackPt;
      |                  ^
arm-none-eabi-gcc -o "MyRTOS.elf" @"objects.list"   -mcpu=cortex-m4 -T"E:\MyRTOSForSTM32F4xx\MyRTOS\STM32F411RETX_FLASH.ld" --specs=nosys.specs -Wl,-Map="MyRTOS.map" -Wl,--gc-sections -static --specs=nano.specs -mfpu=fpv4-sp-d16 -mfloat-abi=hard -mthumb -Wl,--start-group -lc -lm -Wl,--end-group
Finished building target: MyRTOS.elf
 
arm-none-eabi-size   MyRTOS.elf 
arm-none-eabi-objdump -h -S  MyRTOS.elf  > "MyRTOS.list"
   text	   data	    bss	    dec	    hex	filename
   1928	      8	   2816	   4752	   1290	MyRTOS.elf
Finished building: default.size.stdout
 
Finished building: MyRTOS.list
 
01:50:17 **** Incremental Build of configuration Debug for project MyRTOS ****
make -j4 all 
arm-none-eabi-size   MyRTOS.elf 
   text	   data	    bss	    dec	    hex	filename
   1928	      8	   2816	   4752	   1290	MyRTOS.elf
Finished building: default.size.stdout
 
01:51:08 **** Incremental Build of configuration Debug for project MyRTOS ****
make -j4 all 
arm-none-eabi-size   MyRTOS.elf 
   text	   data	    bss	    dec	    hex	filename
   1928	      8	   2816	   4752	   1290	MyRTOS.elf
Finished building: default.size.stdout
 
01:53:05 **** Incremental Build of configuration Debug for project MyRTOS ****
make -j4 all 
arm-none-eabi-gcc "../Src/osKernel.c" -mcpu=cortex-m4 -std=gnu11 -g3 -DDEBUG -DSTM32 -DSTM32F4 -DSTM32F411RETx -DSTM32F411xE -c -I../Inc -I"..//chip_headers/CMSIS/Device/ST/STM32F4xx/Include" -I"..//chip_headers/CMSIS/Include" -O0 -ffunction-sections -fdata-sections -Wall -fstack-usage -fcyclomatic-complexity -MMD -MP -MF"Src/osKernel.d" -MT"Src/osKernel.o" --specs=nano.specs -mfpu=fpv4-sp-d16 -mfloat-abi=hard -mthumb -o "Src/osKernel.o"
../Src/osKernel.c: In function 'osKernelAddThreads':
../Src/osKernel.c:42:18: warning: assignment to 'struct tcb *' from incompatible pointer type 'uint32_t **' {aka 'long unsigned int **'} [-Wincompatible-pointer-types]
   42 |   tcbs[0].nextPt = &tcbs[1].stackPt;
      |                  ^
../Src/osKernel.c:43:18: warning: assignment to 'struct tcb *' from incompatible pointer type 'uint32_t **' {aka 'long unsigned int **'} [-Wincompatible-pointer-types]
   43 |   tcbs[1].nextPt = &tcbs[2].stackPt;
      |                  ^
../Src/osKernel.c:44:18: warning: assignment to 'struct tcb *' from incompatible pointer type 'uint32_t **' {aka 'long unsigned int **'} [-Wincompatible-pointer-types]
   44 |   tcbs[2].nextPt = &tcbs[0].stackPt;
      |                  ^
arm-none-eabi-gcc -o "MyRTOS.elf" @"objects.list"   -mcpu=cortex-m4 -T"E:\MyRTOSForSTM32F4xx\MyRTOS\STM32F411RETX_FLASH.ld" --specs=nosys.specs -Wl,-Map="MyRTOS.map" -Wl,--gc-sections -static --specs=nano.specs -mfpu=fpv4-sp-d16 -mfloat-abi=hard -mthumb -Wl,--start-group -lc -lm -Wl,--end-group
Finished building target: MyRTOS.elf
 
arm-none-eabi-size   MyRTOS.elf 
arm-none-eabi-objdump -h -S  MyRTOS.elf  > "MyRTOS.list"
   text	   data	    bss	    dec	    hex	filename
   1896	      8	   2816	   4720	   1270	MyRTOS.elf
Finished building: default.size.stdout
 
Finished building: MyRTOS.list
 
01:53:21 **** Incremental Build of configuration Debug for project MyRTOS ****
make -j4 all 
arm-none-eabi-size   MyRTOS.elf 
   text	   data	    bss	    dec	    hex	filename
   1896	      8	   2816	   4720	   1270	MyRTOS.elf
Finished building: default.size.stdout
 
01:54:33 **** Incremental Build of configuration Debug for project MyRTOS ****
make -j4 all 
arm-none-eabi-gcc "../Src/osKernel.c" -mcpu=cortex-m4 -std=gnu11 -g3 -DDEBUG -DSTM32 -DSTM32F4 -DSTM32F411RETx -DSTM32F411xE -c -I../Inc -I"..//chip_headers/CMSIS/Device/ST/STM32F4xx/Include" -I"..//chip_headers/CMSIS/Include" -O0 -ffunction-sections -fdata-sections -Wall -fstack-usage -fcyclomatic-complexity -MMD -MP -MF"Src/osKernel.d" -MT"Src/osKernel.o" --specs=nano.specs -mfpu=fpv4-sp-d16 -mfloat-abi=hard -mthumb -o "Src/osKernel.o"
../Src/osKernel.c: In function 'osKernelAddThreads':
../Src/osKernel.c:42:18: warning: assignment to 'struct tcb *' from incompatible pointer type 'uint32_t **' {aka 'long unsigned int **'} [-Wincompatible-pointer-types]
   42 |   tcbs[0].nextPt = &tcbs[1].stackPt;
      |                  ^
../Src/osKernel.c:43:18: warning: assignment to 'struct tcb *' from incompatible pointer type 'uint32_t **' {aka 'long unsigned int **'} [-Wincompatible-pointer-types]
   43 |   tcbs[1].nextPt = &tcbs[2].stackPt;
      |                  ^
../Src/osKernel.c:44:18: warning: assignment to 'struct tcb *' from incompatible pointer type 'uint32_t **' {aka 'long unsigned int **'} [-Wincompatible-pointer-types]
   44 |   tcbs[2].nextPt = &tcbs[0].stackPt;
      |                  ^
arm-none-eabi-gcc -o "MyRTOS.elf" @"objects.list"   -mcpu=cortex-m4 -T"E:\MyRTOSForSTM32F4xx\MyRTOS\STM32F411RETX_FLASH.ld" --specs=nosys.specs -Wl,-Map="MyRTOS.map" -Wl,--gc-sections -static --specs=nano.specs -mfpu=fpv4-sp-d16 -mfloat-abi=hard -mthumb -Wl,--start-group -lc -lm -Wl,--end-group
Finished building target: MyRTOS.elf
 
arm-none-eabi-size   MyRTOS.elf 
arm-none-eabi-objdump -h -S  MyRTOS.elf  > "MyRTOS.list"
   text	   data	    bss	    dec	    hex	filename
   1928	      8	   2816	   4752	   1290	MyRTOS.elf
Finished building: default.size.stdout
 
Finished building: MyRTOS.list
 
01:54:47 **** Incremental Build of configuration Debug for project MyRTOS ****
make -j4 all 
arm-none-eabi-gcc "../Src/osKernel.c" -mcpu=cortex-m4 -std=gnu11 -g3 -DDEBUG -DSTM32 -DSTM32F4 -DSTM32F411RETx -DSTM32F411xE -c -I../Inc -I"..//chip_headers/CMSIS/Device/ST/STM32F4xx/Include" -I"..//chip_headers/CMSIS/Include" -O0 -ffunction-sections -fdata-sections -Wall -fstack-usage -fcyclomatic-complexity -MMD -MP -MF"Src/osKernel.d" -MT"Src/osKernel.o" --specs=nano.specs -mfpu=fpv4-sp-d16 -mfloat-abi=hard -mthumb -o "Src/osKernel.o"
../Src/osKernel.c: In function 'osKernelAddThreads':
../Src/osKernel.c:42:18: warning: assignment to 'struct tcb *' from incompatible pointer type 'uint32_t **' {aka 'long unsigned int **'} [-Wincompatible-pointer-types]
   42 |   tcbs[0].nextPt = &tcbs[1].stackPt;
      |                  ^
../Src/osKernel.c:43:18: warning: assignment to 'struct tcb *' from incompatible pointer type 'uint32_t **' {aka 'long unsigned int **'} [-Wincompatible-pointer-types]
   43 |   tcbs[1].nextPt = &tcbs[2].stackPt;
      |                  ^
../Src/osKernel.c:44:18: warning: assignment to 'struct tcb *' from incompatible pointer type 'uint32_t **' {aka 'long unsigned int **'} [-Wincompatible-pointer-types]
   44 |   tcbs[2].nextPt = &tcbs[0].stackPt;
      |                  ^
arm-none-eabi-gcc -o "MyRTOS.elf" @"objects.list"   -mcpu=cortex-m4 -T"E:\MyRTOSForSTM32F4xx\MyRTOS\STM32F411RETX_FLASH.ld" --specs=nosys.specs -Wl,-Map="MyRTOS.map" -Wl,--gc-sections -static --specs=nano.specs -mfpu=fpv4-sp-d16 -mfloat-abi=hard -mthumb -Wl,--start-group -lc -lm -Wl,--end-group
Finished building target: MyRTOS.elf
 
arm-none-eabi-size   MyRTOS.elf 
arm-none-eabi-objdump -h -S  MyRTOS.elf  > "MyRTOS.list"
   text	   data	    bss	    dec	    hex	filename
   1928	      8	   2816	   4752	   1290	MyRTOS.elf
Finished building: default.size.stdout
 
Finished building: MyRTOS.list
 
01:54:57 **** Incremental Build of configuration Debug for project MyRTOS ****
make -j4 all 
arm-none-eabi-size   MyRTOS.elf 
   text	   data	    bss	    dec	    hex	filename
   1928	      8	   2816	   4752	   1290	MyRTOS.elf
Finished building: default.size.stdout
 
01:57:29 **** Incremental Build of configuration Debug for project MyRTOS ****
make -j4 all 
arm-none-eabi-gcc "../Src/osKernel.c" -mcpu=cortex-m4 -std=gnu11 -g3 -DDEBUG -DSTM32 -DSTM32F4 -DSTM32F411RETx -DSTM32F411xE -c -I../Inc -I"..//chip_headers/CMSIS/Device/ST/STM32F4xx/Include" -I"..//chip_headers/CMSIS/Include" -O0 -ffunction-sections -fdata-sections -Wall -fstack-usage -fcyclomatic-complexity -MMD -MP -MF"Src/osKernel.d" -MT"Src/osKernel.o" --specs=nano.specs -mfpu=fpv4-sp-d16 -mfloat-abi=hard -mthumb -o "Src/osKernel.o"
../Src/osKernel.c: In function 'osKernelAddThreads':
../Src/osKernel.c:42:18: warning: assignment to 'struct tcb *' from incompatible pointer type 'uint32_t **' {aka 'long unsigned int **'} [-Wincompatible-pointer-types]
   42 |   tcbs[0].nextPt = &tcbs[1].stackPt;
      |                  ^
../Src/osKernel.c:43:18: warning: assignment to 'struct tcb *' from incompatible pointer type 'uint32_t **' {aka 'long unsigned int **'} [-Wincompatible-pointer-types]
   43 |   tcbs[1].nextPt = &tcbs[2].stackPt;
      |                  ^
../Src/osKernel.c:44:18: warning: assignment to 'struct tcb *' from incompatible pointer type 'uint32_t **' {aka 'long unsigned int **'} [-Wincompatible-pointer-types]
   44 |   tcbs[2].nextPt = &tcbs[0].stackPt;
      |                  ^
arm-none-eabi-gcc -o "MyRTOS.elf" @"objects.list"   -mcpu=cortex-m4 -T"E:\MyRTOSForSTM32F4xx\MyRTOS\STM32F411RETX_FLASH.ld" --specs=nosys.specs -Wl,-Map="MyRTOS.map" -Wl,--gc-sections -static --specs=nano.specs -mfpu=fpv4-sp-d16 -mfloat-abi=hard -mthumb -Wl,--start-group -lc -lm -Wl,--end-group
Finished building target: MyRTOS.elf
 
arm-none-eabi-size   MyRTOS.elf 
arm-none-eabi-objdump -h -S  MyRTOS.elf  > "MyRTOS.list"
   text	   data	    bss	    dec	    hex	filename
   1896	      8	   2816	   4720	   1270	MyRTOS.elf
Finished building: default.size.stdout
 
Finished building: MyRTOS.list
 
02:02:41 **** Incremental Build of configuration Debug for project MyRTOS ****
make -j4 all 
arm-none-eabi-gcc "../Src/osKernel.c" -mcpu=cortex-m4 -std=gnu11 -g3 -DDEBUG -DSTM32 -DSTM32F4 -DSTM32F411RETx -DSTM32F411xE -c -I../Inc -I"..//chip_headers/CMSIS/Device/ST/STM32F4xx/Include" -I"..//chip_headers/CMSIS/Include" -O0 -ffunction-sections -fdata-sections -Wall -fstack-usage -fcyclomatic-complexity -MMD -MP -MF"Src/osKernel.d" -MT"Src/osKernel.o" --specs=nano.specs -mfpu=fpv4-sp-d16 -mfloat-abi=hard -mthumb -o "Src/osKernel.o"
../Src/osKernel.c: In function 'osKernelAddThreads':
../Src/osKernel.c:42:18: warning: assignment to 'struct tcb *' from incompatible pointer type 'uint32_t **' {aka 'long unsigned int **'} [-Wincompatible-pointer-types]
   42 |   tcbs[0].nextPt = &tcbs[1].stackPt;
      |                  ^
../Src/osKernel.c:43:18: warning: assignment to 'struct tcb *' from incompatible pointer type 'uint32_t **' {aka 'long unsigned int **'} [-Wincompatible-pointer-types]
   43 |   tcbs[1].nextPt = &tcbs[2].stackPt;
      |                  ^
../Src/osKernel.c:44:18: warning: assignment to 'struct tcb *' from incompatible pointer type 'uint32_t **' {aka 'long unsigned int **'} [-Wincompatible-pointer-types]
   44 |   tcbs[2].nextPt = &tcbs[0].stackPt;
      |                  ^
../Src/osKernel.c: In function 'osKernelLaunch':
../Src/osKernel.c:82:3: error: 'SYSPRI3' undeclared (first use in this function); did you mean 'SPI3'?
   82 |   SYSPRI3 =(SYSPRI3&0x00FFFFFF)|0xE0000000; // priority 7
      |   ^~~~~~~
      |   SPI3
../Src/osKernel.c:82:3: note: each undeclared identifier is reported only once for each function it appears in
make: *** [Src/subdir.mk:61: Src/osKernel.o] Error 1
"make -j4 all" terminated with exit code 2. Build might be incomplete.
02:04:17 **** Incremental Build of configuration Debug for project MyRTOS ****
make -j4 all 
arm-none-eabi-gcc "../Src/osKernel.c" -mcpu=cortex-m4 -std=gnu11 -g3 -DDEBUG -DSTM32 -DSTM32F4 -DSTM32F411RETx -DSTM32F411xE -c -I../Inc -I"..//chip_headers/CMSIS/Device/ST/STM32F4xx/Include" -I"..//chip_headers/CMSIS/Include" -O0 -ffunction-sections -fdata-sections -Wall -fstack-usage -fcyclomatic-complexity -MMD -MP -MF"Src/osKernel.d" -MT"Src/osKernel.o" --specs=nano.specs -mfpu=fpv4-sp-d16 -mfloat-abi=hard -mthumb -o "Src/osKernel.o"
../Src/osKernel.c: In function 'osKernelAddThreads':
../Src/osKernel.c:44:18: warning: assignment to 'struct tcb *' from incompatible pointer type 'uint32_t **' {aka 'long unsigned int **'} [-Wincompatible-pointer-types]
   44 |   tcbs[0].nextPt = &tcbs[1].stackPt;
      |                  ^
../Src/osKernel.c:45:18: warning: assignment to 'struct tcb *' from incompatible pointer type 'uint32_t **' {aka 'long unsigned int **'} [-Wincompatible-pointer-types]
   45 |   tcbs[1].nextPt = &tcbs[2].stackPt;
      |                  ^
../Src/osKernel.c:46:18: warning: assignment to 'struct tcb *' from incompatible pointer type 'uint32_t **' {aka 'long unsigned int **'} [-Wincompatible-pointer-types]
   46 |   tcbs[2].nextPt = &tcbs[0].stackPt;
      |                  ^
arm-none-eabi-gcc -o "MyRTOS.elf" @"objects.list"   -mcpu=cortex-m4 -T"E:\MyRTOSForSTM32F4xx\MyRTOS\STM32F411RETX_FLASH.ld" --specs=nosys.specs -Wl,-Map="MyRTOS.map" -Wl,--gc-sections -static --specs=nano.specs -mfpu=fpv4-sp-d16 -mfloat-abi=hard -mthumb -Wl,--start-group -lc -lm -Wl,--end-group
Finished building target: MyRTOS.elf
 
arm-none-eabi-size   MyRTOS.elf 
arm-none-eabi-objdump -h -S  MyRTOS.elf  > "MyRTOS.list"
   text	   data	    bss	    dec	    hex	filename
   1844	      8	   2816	   4668	   123c	MyRTOS.elf
Finished building: default.size.stdout
 
Finished building: MyRTOS.list
 
02:04:27 **** Incremental Build of configuration Debug for project MyRTOS ****
make -j4 all 
arm-none-eabi-size   MyRTOS.elf 
   text	   data	    bss	    dec	    hex	filename
   1844	      8	   2816	   4668	   123c	MyRTOS.elf
Finished building: default.size.stdout
 
02:05:44 **** Incremental Build of configuration Debug for project MyRTOS ****
make -j4 all 
arm-none-eabi-gcc "../Src/osKernel.c" -mcpu=cortex-m4 -std=gnu11 -g3 -DDEBUG -DSTM32 -DSTM32F4 -DSTM32F411RETx -DSTM32F411xE -c -I../Inc -I"..//chip_headers/CMSIS/Device/ST/STM32F4xx/Include" -I"..//chip_headers/CMSIS/Include" -O0 -ffunction-sections -fdata-sections -Wall -fstack-usage -fcyclomatic-complexity -MMD -MP -MF"Src/osKernel.d" -MT"Src/osKernel.o" --specs=nano.specs -mfpu=fpv4-sp-d16 -mfloat-abi=hard -mthumb -o "Src/osKernel.o"
../Src/osKernel.c: In function 'osKernelAddThreads':
../Src/osKernel.c:42:18: warning: assignment to 'struct tcb *' from incompatible pointer type 'uint32_t **' {aka 'long unsigned int **'} [-Wincompatible-pointer-types]
   42 |   tcbs[0].nextPt = &tcbs[1].stackPt;
      |                  ^
../Src/osKernel.c:43:18: warning: assignment to 'struct tcb *' from incompatible pointer type 'uint32_t **' {aka 'long unsigned int **'} [-Wincompatible-pointer-types]
   43 |   tcbs[1].nextPt = &tcbs[2].stackPt;
      |                  ^
../Src/osKernel.c:44:18: warning: assignment to 'struct tcb *' from incompatible pointer type 'uint32_t **' {aka 'long unsigned int **'} [-Wincompatible-pointer-types]
   44 |   tcbs[2].nextPt = &tcbs[0].stackPt;
      |                  ^
arm-none-eabi-gcc -o "MyRTOS.elf" @"objects.list"   -mcpu=cortex-m4 -T"E:\MyRTOSForSTM32F4xx\MyRTOS\STM32F411RETX_FLASH.ld" --specs=nosys.specs -Wl,-Map="MyRTOS.map" -Wl,--gc-sections -static --specs=nano.specs -mfpu=fpv4-sp-d16 -mfloat-abi=hard -mthumb -Wl,--start-group -lc -lm -Wl,--end-group
Finished building target: MyRTOS.elf
 
arm-none-eabi-size   MyRTOS.elf 
arm-none-eabi-objdump -h -S  MyRTOS.elf  > "MyRTOS.list"
   text	   data	    bss	    dec	    hex	filename
   1928	      8	   2816	   4752	   1290	MyRTOS.elf
Finished building: default.size.stdout
 
Finished building: MyRTOS.list
 
02:06:12 **** Incremental Build of configuration Debug for project MyRTOS ****
make -j4 all 
arm-none-eabi-gcc "../Src/osKernel.c" -mcpu=cortex-m4 -std=gnu11 -g3 -DDEBUG -DSTM32 -DSTM32F4 -DSTM32F411RETx -DSTM32F411xE -c -I../Inc -I"..//chip_headers/CMSIS/Device/ST/STM32F4xx/Include" -I"..//chip_headers/CMSIS/Include" -O0 -ffunction-sections -fdata-sections -Wall -fstack-usage -fcyclomatic-complexity -MMD -MP -MF"Src/osKernel.d" -MT"Src/osKernel.o" --specs=nano.specs -mfpu=fpv4-sp-d16 -mfloat-abi=hard -mthumb -o "Src/osKernel.o"
../Src/osKernel.c: In function 'osKernelAddThreads':
../Src/osKernel.c:42:18: warning: assignment to 'struct tcb *' from incompatible pointer type 'uint32_t **' {aka 'long unsigned int **'} [-Wincompatible-pointer-types]
   42 |   tcbs[0].nextPt = &tcbs[1].stackPt;
      |                  ^
../Src/osKernel.c:43:18: warning: assignment to 'struct tcb *' from incompatible pointer type 'uint32_t **' {aka 'long unsigned int **'} [-Wincompatible-pointer-types]
   43 |   tcbs[1].nextPt = &tcbs[2].stackPt;
      |                  ^
../Src/osKernel.c:44:18: warning: assignment to 'struct tcb *' from incompatible pointer type 'uint32_t **' {aka 'long unsigned int **'} [-Wincompatible-pointer-types]
   44 |   tcbs[2].nextPt = &tcbs[0].stackPt;
      |                  ^
arm-none-eabi-gcc -o "MyRTOS.elf" @"objects.list"   -mcpu=cortex-m4 -T"E:\MyRTOSForSTM32F4xx\MyRTOS\STM32F411RETX_FLASH.ld" --specs=nosys.specs -Wl,-Map="MyRTOS.map" -Wl,--gc-sections -static --specs=nano.specs -mfpu=fpv4-sp-d16 -mfloat-abi=hard -mthumb -Wl,--start-group -lc -lm -Wl,--end-group
Finished building target: MyRTOS.elf
 
arm-none-eabi-size   MyRTOS.elf 
arm-none-eabi-objdump -h -S  MyRTOS.elf  > "MyRTOS.list"
   text	   data	    bss	    dec	    hex	filename
   1896	      8	   2816	   4720	   1270	MyRTOS.elf
Finished building: default.size.stdout
 
Finished building: MyRTOS.list
 
02:06:31 **** Incremental Build of configuration Debug for project MyRTOS ****
make -j4 all 
arm-none-eabi-size   MyRTOS.elf 
   text	   data	    bss	    dec	    hex	filename
   1896	      8	   2816	   4720	   1270	MyRTOS.elf
Finished building: default.size.stdout
 
02:08:56 **** Incremental Build of configuration Debug for project MyRTOS ****
make -j4 all 
arm-none-eabi-gcc "../Src/osKernel.c" -mcpu=cortex-m4 -std=gnu11 -g3 -DDEBUG -DSTM32 -DSTM32F4 -DSTM32F411RETx -DSTM32F411xE -c -I../Inc -I"..//chip_headers/CMSIS/Device/ST/STM32F4xx/Include" -I"..//chip_headers/CMSIS/Include" -O0 -ffunction-sections -fdata-sections -Wall -fstack-usage -fcyclomatic-complexity -MMD -MP -MF"Src/osKernel.d" -MT"Src/osKernel.o" --specs=nano.specs -mfpu=fpv4-sp-d16 -mfloat-abi=hard -mthumb -o "Src/osKernel.o"
../Src/osKernel.c: In function 'osKernelAddThreads':
../Src/osKernel.c:42:18: warning: assignment to 'struct tcb *' from incompatible pointer type 'uint32_t **' {aka 'long unsigned int **'} [-Wincompatible-pointer-types]
   42 |   tcbs[0].nextPt = &tcbs[1].stackPt;
      |                  ^
../Src/osKernel.c:43:18: warning: assignment to 'struct tcb *' from incompatible pointer type 'uint32_t **' {aka 'long unsigned int **'} [-Wincompatible-pointer-types]
   43 |   tcbs[1].nextPt = &tcbs[2].stackPt;
      |                  ^
../Src/osKernel.c:44:18: warning: assignment to 'struct tcb *' from incompatible pointer type 'uint32_t **' {aka 'long unsigned int **'} [-Wincompatible-pointer-types]
   44 |   tcbs[2].nextPt = &tcbs[0].stackPt;
      |                  ^
arm-none-eabi-gcc -o "MyRTOS.elf" @"objects.list"   -mcpu=cortex-m4 -T"E:\MyRTOSForSTM32F4xx\MyRTOS\STM32F411RETX_FLASH.ld" --specs=nosys.specs -Wl,-Map="MyRTOS.map" -Wl,--gc-sections -static --specs=nano.specs -mfpu=fpv4-sp-d16 -mfloat-abi=hard -mthumb -Wl,--start-group -lc -lm -Wl,--end-group
Finished building target: MyRTOS.elf
 
arm-none-eabi-size   MyRTOS.elf 
arm-none-eabi-objdump -h -S  MyRTOS.elf  > "MyRTOS.list"
   text	   data	    bss	    dec	    hex	filename
   1896	      8	   2816	   4720	   1270	MyRTOS.elf
Finished building: default.size.stdout
 
Finished building: MyRTOS.list
 
